common_fun.c:88:33:FATAL_ERROR.constprop	0	static
common_fun.c:88:33:FATAL_ERROR	0	static
common_fun.c:94:6:DBG_PRINT	16	static
common_fun.c:101:6:DBG_PRINT_NO	16	static
common_fun.c:117:6:DBG_PRINT_TN	24	static
common_fun.c:138:6:LoRa_Panic	88	static
common_fun.c:202:6:RTC_SetInterval	0	static
common_fun.c:215:6:RTC_WakeUp	8	static
common_fun.c:240:6:Increment_bcd	8	static
common_fun.c:256:6:RTC_GoSleep	24	static
common_fun.c:289:6:GPS_GSM_Tracker_init	24	static
common_fun.c:389:1:GPRS_Command	16	static
common_fun.c:439:6:itoa	20	static
common_fun.c:459:36:GetPendingSMS	8	static
common_fun.c:494:36:GetMaxSMSCount	8	static
common_fun.c:539:43:GPRS_Task	48	static
common_fun.c:845:10:ParseSMS	16	static
common_fun.c:923:6:ParseSMSCommand	8	static
common_fun.c:994:6:GPS_GSM_TrackerTask	64	static
