Archive member included to satisfy reference by file (symbol)

c:/program files (x86)/atollic/truestudio for stm32 9.1.0/armtools/bin/../lib/gcc/arm-atollic-eabi/6.3.1/../../../../arm-atollic-eabi/lib/armv7-m\libc_nano.a(lib_a-atof.o)
                              GPSTracker_Library\DB_GSM_SIM800.o (atof)
c:/program files (x86)/atollic/truestudio for stm32 9.1.0/armtools/bin/../lib/gcc/arm-atollic-eabi/6.3.1/../../../../arm-atollic-eabi/lib/armv7-m\libc_nano.a(lib_a-init.o)
                              startup\startup_stm32f103xb.o (__libc_init_array)
c:/program files (x86)/atollic/truestudio for stm32 9.1.0/armtools/bin/../lib/gcc/arm-atollic-eabi/6.3.1/../../../../arm-atollic-eabi/lib/armv7-m\libc_nano.a(lib_a-memcmp.o)
                              GPSTracker_Library\DB_GPS_NMEA_Simple.o (memcmp)
c:/program files (x86)/atollic/truestudio for stm32 9.1.0/armtools/bin/../lib/gcc/arm-atollic-eabi/6.3.1/../../../../arm-atollic-eabi/lib/armv7-m\libc_nano.a(lib_a-memset.o)
                              Drivers\STM32F1xx_HAL_Driver\Src\stm32f1xx_hal_rcc.o (memset)
c:/program files (x86)/atollic/truestudio for stm32 9.1.0/armtools/bin/../lib/gcc/arm-atollic-eabi/6.3.1/../../../../arm-atollic-eabi/lib/armv7-m\libc_nano.a(lib_a-strcat.o)
                              GPSTracker_Library\DB_GSM_SIM800.o (strcat)
c:/program files (x86)/atollic/truestudio for stm32 9.1.0/armtools/bin/../lib/gcc/arm-atollic-eabi/6.3.1/../../../../arm-atollic-eabi/lib/armv7-m\libc_nano.a(lib_a-strchr.o)
                              MyTask\common_fun.o (strchr)
c:/program files (x86)/atollic/truestudio for stm32 9.1.0/armtools/bin/../lib/gcc/arm-atollic-eabi/6.3.1/../../../../arm-atollic-eabi/lib/armv7-m\libc_nano.a(lib_a-strcpy.o)
                              GPSTracker_Library\DB_GSM_SIM800.o (strcpy)
c:/program files (x86)/atollic/truestudio for stm32 9.1.0/armtools/bin/../lib/gcc/arm-atollic-eabi/6.3.1/../../../../arm-atollic-eabi/lib/armv7-m\libc_nano.a(lib_a-strlen.o)
                              GPSTracker_Library\DB_GSM_SIM800.o (strlen)
c:/program files (x86)/atollic/truestudio for stm32 9.1.0/armtools/bin/../lib/gcc/arm-atollic-eabi/6.3.1/../../../../arm-atollic-eabi/lib/armv7-m\libc_nano.a(lib_a-strncmp.o)
                              MyTask\common_fun.o (strncmp)
c:/program files (x86)/atollic/truestudio for stm32 9.1.0/armtools/bin/../lib/gcc/arm-atollic-eabi/6.3.1/../../../../arm-atollic-eabi/lib/armv7-m\libc_nano.a(lib_a-strncpy.o)
                              MyTask\common_fun.o (strncpy)
c:/program files (x86)/atollic/truestudio for stm32 9.1.0/armtools/bin/../lib/gcc/arm-atollic-eabi/6.3.1/../../../../arm-atollic-eabi/lib/armv7-m\libc_nano.a(lib_a-strstr.o)
                              GPSTracker_Library\DB_GSM_SIM800.o (strstr)
c:/program files (x86)/atollic/truestudio for stm32 9.1.0/armtools/bin/../lib/gcc/arm-atollic-eabi/6.3.1/../../../../arm-atollic-eabi/lib/armv7-m\libc_nano.a(lib_a-strtod.o)
                              c:/program files (x86)/atollic/truestudio for stm32 9.1.0/armtools/bin/../lib/gcc/arm-atollic-eabi/6.3.1/../../../../arm-atollic-eabi/lib/armv7-m\libc_nano.a(lib_a-atof.o) (strtod)
c:/program files (x86)/atollic/truestudio for stm32 9.1.0/armtools/bin/../lib/gcc/arm-atollic-eabi/6.3.1/../../../../arm-atollic-eabi/lib/armv7-m\libc_nano.a(lib_a-strtok.o)
                              GPSTracker_Library\DB_GPS_NMEA_Simple.o (strtok)
c:/program files (x86)/atollic/truestudio for stm32 9.1.0/armtools/bin/../lib/gcc/arm-atollic-eabi/6.3.1/../../../../arm-atollic-eabi/lib/armv7-m\libc_nano.a(lib_a-strtok_r.o)
                              c:/program files (x86)/atollic/truestudio for stm32 9.1.0/armtools/bin/../lib/gcc/arm-atollic-eabi/6.3.1/../../../../arm-atollic-eabi/lib/armv7-m\libc_nano.a(lib_a-strtok.o) (__strtok_r)
c:/program files (x86)/atollic/truestudio for stm32 9.1.0/armtools/bin/../lib/gcc/arm-atollic-eabi/6.3.1/../../../../arm-atollic-eabi/lib/armv7-m\libc_nano.a(lib_a-strtol.o)
                              GPSTracker_Library\DB_GPS_NMEA_Simple.o (strtol)
c:/program files (x86)/atollic/truestudio for stm32 9.1.0/armtools/bin/../lib/gcc/arm-atollic-eabi/6.3.1/../../../../arm-atollic-eabi/lib/armv7-m\libc_nano.a(lib_a-gdtoa-gethex.o)
                              c:/program files (x86)/atollic/truestudio for stm32 9.1.0/armtools/bin/../lib/gcc/arm-atollic-eabi/6.3.1/../../../../arm-atollic-eabi/lib/armv7-m\libc_nano.a(lib_a-strtod.o) (__gethex)
c:/program files (x86)/atollic/truestudio for stm32 9.1.0/armtools/bin/../lib/gcc/arm-atollic-eabi/6.3.1/../../../../arm-atollic-eabi/lib/armv7-m\libc_nano.a(lib_a-gdtoa-hexnan.o)
                              c:/program files (x86)/atollic/truestudio for stm32 9.1.0/armtools/bin/../lib/gcc/arm-atollic-eabi/6.3.1/../../../../arm-atollic-eabi/lib/armv7-m\libc_nano.a(lib_a-strtod.o) (__match)
[...]
Memory Configuration

Name             Origin             Length             Attributes
RAM              0x20000000         0x00005000         xrw
FLASH            0x08000000         0x00010000         xr
*default*        0x00000000         0xffffffff

Linker script and memory map

LOAD c:/program files (x86)/atollic/truestudio for stm32 9.1.0/armtools/bin/../lib/gcc/arm-atollic-eabi/6.3.1/armv7-m/crti.o
LOAD c:/program files (x86)/atollic/truestudio for stm32 9.1.0/armtools/bin/../lib/gcc/arm-atollic-eabi/6.3.1/armv7-m/crtbegin.o
LOAD Drivers\STM32F1xx_HAL_Driver\Src\stm32f1xx_hal.o
LOAD Drivers\STM32F1xx_HAL_Driver\Src\stm32f1xx_hal_cortex.o
LOAD Drivers\STM32F1xx_HAL_Driver\Src\stm32f1xx_hal_dma.o
LOAD Drivers\STM32F1xx_HAL_Driver\Src\stm32f1xx_hal_flash.o
LOAD Drivers\STM32F1xx_HAL_Driver\Src\stm32f1xx_hal_flash_ex.o
LOAD Drivers\STM32F1xx_HAL_Driver\Src\stm32f1xx_hal_gpio.o
LOAD Drivers\STM32F1xx_HAL_Driver\Src\stm32f1xx_hal_gpio_ex.o
LOAD Drivers\STM32F1xx_HAL_Driver\Src\stm32f1xx_hal_pwr.o
LOAD Drivers\STM32F1xx_HAL_Driver\Src\stm32f1xx_hal_rcc.o
LOAD Drivers\STM32F1xx_HAL_Driver\Src\stm32f1xx_hal_rcc_ex.o
LOAD Drivers\STM32F1xx_HAL_Driver\Src\stm32f1xx_hal_rtc.o
LOAD Drivers\STM32F1xx_HAL_Driver\Src\stm32f1xx_hal_rtc_ex.o
LOAD Drivers\STM32F1xx_HAL_Driver\Src\stm32f1xx_hal_spi.o
LOAD Drivers\STM32F1xx_HAL_Driver\Src\stm32f1xx_hal_spi_ex.o
LOAD Drivers\STM32F1xx_HAL_Driver\Src\stm32f1xx_hal_tim.o
LOAD Drivers\STM32F1xx_HAL_Driver\Src\stm32f1xx_hal_tim_ex.o
LOAD Drivers\STM32F1xx_HAL_Driver\Src\stm32f1xx_hal_uart.o
LOAD GPSTracker_Library\DB_GPS_NMEA_Simple.o
LOAD GPSTracker_Library\DB_GSM_SIM800.o
LOAD GPSTracker_Library\DB_RFM98W.o
LOAD GPSTracker_Library\DB_RFM98W_LoRa.o
LOAD GPSTracker_Library\DB_ring_buffer.o
LOAD GPSTracker_Library\DB_soft_timer.o
LOAD GPSTracker_Library\DB_string.o
LOAD MyTask\HalSystemCallback.o
LOAD MyTask\common_fun.o
LOAD Src\dma.o
LOAD Src\gpio.o
LOAD Src\main.o
LOAD Src\rtc.o
LOAD Src\spi.o
LOAD Src\stm32f1xx_hal_msp.o
LOAD Src\stm32f1xx_it.o
LOAD Src\system_stm32f1xx.o
LOAD Src\usart.o
LOAD startup\startup_stm32f103xb.o
                0x00000080                malloc_getpagesize_P = 0x80
START GROUP
LOAD c:/program files (x86)/atollic/truestudio for stm32 9.1.0/armtools/bin/../lib/gcc/arm-atollic-eabi/6.3.1/../../../../arm-atollic-eabi/lib/armv7-m\libc_nano.a
LOAD c:/program files (x86)/atollic/truestudio for stm32 9.1.0/armtools/bin/../lib/gcc/arm-atollic-eabi/6.3.1/../../../../arm-atollic-eabi/lib/armv7-m\libm.a
END GROUP
START GROUP
LOAD c:/program files (x86)/atollic/truestudio for stm32 9.1.0/armtools/bin/../lib/gcc/arm-atollic-eabi/6.3.1/armv7-m\libgcc.a
LOAD c:/program files (x86)/atollic/truestudio for stm32 9.1.0/armtools/bin/../lib/gcc/arm-atollic-eabi/6.3.1/../../../../arm-atollic-eabi/lib/armv7-m\libc_nano.a
END GROUP
START GROUP
LOAD c:/program files (x86)/atollic/truestudio for stm32 9.1.0/armtools/bin/../lib/gcc/arm-atollic-eabi/6.3.1/armv7-m\libgcc.a
LOAD c:/program files (x86)/atollic/truestudio for stm32 9.1.0/armtools/bin/../lib/gcc/arm-atollic-eabi/6.3.1/../../../../arm-atollic-eabi/lib/armv7-m\libc_nano.a
LOAD c:/program files (x86)/atollic/truestudio for stm32 9.1.0/armtools/bin/../lib/gcc/arm-atollic-eabi/6.3.1/../../../../arm-atollic-eabi/lib/armv7-m\libnosys.a
END GROUP
START GROUP
LOAD c:/program files (x86)/atollic/truestudio for stm32 9.1.0/armtools/bin/../lib/gcc/arm-atollic-eabi/6.3.1/armv7-m\libgcc.a
LOAD c:/program files (x86)/atollic/truestudio for stm32 9.1.0/armtools/bin/../lib/gcc/arm-atollic-eabi/6.3.1/../../../../arm-atollic-eabi/lib/armv7-m\libc_nano.a
LOAD c:/program files (x86)/atollic/truestudio for stm32 9.1.0/armtools/bin/../lib/gcc/arm-atollic-eabi/6.3.1/../../../../arm-atollic-eabi/lib/armv7-m\libnosys.a
END GROUP
LOAD c:/program files (x86)/atollic/truestudio for stm32 9.1.0/armtools/bin/../lib/gcc/arm-atollic-eabi/6.3.1/armv7-m/crtend.o
LOAD c:/program files (x86)/atollic/truestudio for stm32 9.1.0/armtools/bin/../lib/gcc/arm-atollic-eabi/6.3.1/armv7-m/crtn.o
                0x20005000                _estack = 0x20005000
                0x00000200                _Min_Heap_Size = 0x200
                0x00000400                _Min_Stack_Size = 0x400

.isr_vector     0x08000000      0x10c
                0x08000000                . = ALIGN (0x4)
 *(.isr_vector)
 .isr_vector    0x08000000      0x10c startup\startup_stm32f103xb.o
                0x08000000                g_pfnVectors
                0x0800010c                . = ALIGN (0x4)

.text           0x0800010c     0x39c0
                0x0800010c                . = ALIGN (0x4)
 *(.text)
 .text          0x0800010c       0x40 c:/program files (x86)/atollic/truestudio for stm32 9.1.0/armtools/bin/../lib/gcc/arm-atollic-eabi/6.3.1/armv7-m/crtbegin.o
 .text          0x0800014c       0x10 c:/program files (x86)/atollic/truestudio for stm32 9.1.0/armtools/bin/../lib/gcc/arm-atollic-eabi/6.3.1/../../../../arm-atollic-eabi/lib/armv7-m\libc_nano.a(lib_a-strlen.o)
                0x0800014c                strlen
 *(.text*)
 .text.HAL_InitTick
                0x0800015c       0x44 Drivers\STM32F1xx_HAL_Driver\Src\stm32f1xx_hal.o
                0x0800015c                HAL_InitTick
 .text.HAL_Init
                0x080001a0       0x24 Drivers\STM32F1xx_HAL_Driver\Src\stm32f1xx_hal.o
                0x080001a0                HAL_Init
 .text.HAL_IncTick
                0x080001c4       0x18 Drivers\STM32F1xx_HAL_Driver\Src\stm32f1xx_hal.o
                0x080001c4                HAL_IncTick
 .text.HAL_GetTick
                0x080001dc        0xc Drivers\STM32F1xx_HAL_Driver\Src\stm32f1xx_hal.o
                0x080001dc                HAL_GetTick
 .text.HAL_Delay
                0x080001e8       0x24 Drivers\STM32F1xx_HAL_Driver\Src\stm32f1xx_hal.o
                0x080001e8                HAL_Delay
 .text.HAL_NVIC_SetPriorityGrouping
                0x0800020c       0x24 Drivers\STM32F1xx_HAL_Driver\Src\stm32f1xx_hal_cortex.o
                0x0800020c                HAL_NVIC_SetPriorityGrouping
 .text.HAL_NVIC_SetPriority
                0x08000230       0x68 Drivers\STM32F1xx_HAL_Driver\Src\stm32f1xx_hal_cortex.o
                0x08000230                HAL_NVIC_SetPriority
 .text.HAL_NVIC_EnableIRQ
                0x08000298       0x18 Drivers\STM32F1xx_HAL_Driver\Src\stm32f1xx_hal_cortex.o
                0x08000298                HAL_NVIC_EnableIRQ
 .text.HAL_SYSTICK_Config
                0x080002b0       0x2c Drivers\STM32F1xx_HAL_Driver\Src\stm32f1xx_hal_cortex.o
                0x080002b0                HAL_SYSTICK_Config
 .text.HAL_SYSTICK_CLKSourceConfig
                0x080002dc       0x18 Drivers\STM32F1xx_HAL_Driver\Src\stm32f1xx_hal_cortex.o
                0x080002dc                HAL_SYSTICK_CLKSourceConfig
 .text.HAL_SYSTICK_IRQHandler
                0x080002f4        0x8 Drivers\STM32F1xx_HAL_Driver\Src\stm32f1xx_hal_cortex.o
                0x080002f4                HAL_SYSTICK_IRQHandler
 .text.HAL_DMA_Init
                0x080002fc       0x68 Drivers\STM32F1xx_HAL_Driver\Src\stm32f1xx_hal_dma.o
                0x080002fc                HAL_DMA_Init
 .text.HAL_DMA_Start_IT
                0x08000364       0x7a Drivers\STM32F1xx_HAL_Driver\Src\stm32f1xx_hal_dma.o
                0x08000364                HAL_DMA_Start_IT
 *fill*         0x080003de        0x2 
 .text.HAL_DMA_Abort_IT
                0x080003e0       0x90 Drivers\STM32F1xx_HAL_Driver\Src\stm32f1xx_hal_dma.o
                0x080003e0                HAL_DMA_Abort_IT
 .text.HAL_DMA_IRQHandler
                0x08000470      0x128 Drivers\STM32F1xx_HAL_Driver\Src\stm32f1xx_hal_dma.o
                0x08000470                HAL_DMA_IRQHandler
 .text.HAL_GPIO_Init
                0x08000598      0x1c0 Drivers\STM32F1xx_HAL_Driver\Src\stm32f1xx_hal_gpio.o
                0x08000598                HAL_GPIO_Init
 .text.HAL_GPIO_WritePin
                0x08000758        0xa Drivers\STM32F1xx_HAL_Driver\Src\stm32f1xx_hal_gpio.o
                0x08000758                HAL_GPIO_WritePin
 .text.HAL_GPIO_TogglePin
                0x08000762        0x8 Drivers\STM32F1xx_HAL_Driver\Src\stm32f1xx_hal_gpio.o
                0x08000762                HAL_GPIO_TogglePin
 .text.PWR_OverloadWfe
                0x0800076a        0x6 Drivers\STM32F1xx_HAL_Driver\Src\stm32f1xx_hal_pwr.o
 .text.HAL_PWR_EnableBkUpAccess
                0x08000770        0xc Drivers\STM32F1xx_HAL_Driver\Src\stm32f1xx_hal_pwr.o
                0x08000770                HAL_PWR_EnableBkUpAccess
 .text.HAL_PWR_EnterSTOPMode
                0x0800077c       0x48 Drivers\STM32F1xx_HAL_Driver\Src\stm32f1xx_hal_pwr.o
                0x0800077c                HAL_PWR_EnterSTOPMode
 .text.HAL_RCC_OscConfig
                0x080007c4      0x318 Drivers\STM32F1xx_HAL_Driver\Src\stm32f1xx_hal_rcc.o
                0x080007c4                HAL_RCC_OscConfig
 .text.HAL_RCC_GetSysClockFreq
                0x08000adc       0x78 Drivers\STM32F1xx_HAL_Driver\Src\stm32f1xx_hal_rcc.o
                0x08000adc                HAL_RCC_GetSysClockFreq
 .text.HAL_RCC_ClockConfig
                0x08000b54      0x148 Drivers\STM32F1xx_HAL_Driver\Src\stm32f1xx_hal_rcc.o
                0x08000b54                HAL_RCC_ClockConfig
 .text.HAL_RCC_GetHCLKFreq
                0x08000c9c        0xc Drivers\STM32F1xx_HAL_Driver\Src\stm32f1xx_hal_rcc.o
                0x08000c9c                HAL_RCC_GetHCLKFreq
 .text.HAL_RCC_GetPCLK1Freq
                0x08000ca8       0x20 Drivers\STM32F1xx_HAL_Driver\Src\stm32f1xx_hal_rcc.o
                0x08000ca8                HAL_RCC_GetPCLK1Freq
 .text.HAL_RCC_GetPCLK2Freq
                0x08000cc8       0x20 Drivers\STM32F1xx_HAL_Driver\Src\stm32f1xx_hal_rcc.o
                0x08000cc8                HAL_RCC_GetPCLK2Freq
 .text.HAL_RCCEx_PeriphCLKConfig
                0x08000ce8       0xf0 Drivers\STM32F1xx_HAL_Driver\Src\stm32f1xx_hal_rcc_ex.o
                0x08000ce8                HAL_RCCEx_PeriphCLKConfig
 .text.HAL_RCCEx_GetPeriphCLKFreq
                0x08000dd8       0xec Drivers\STM32F1xx_HAL_Driver\Src\stm32f1xx_hal_rcc_ex.o
                0x08000dd8                HAL_RCCEx_GetPeriphCLKFreq
 .text.RTC_ReadTimeCounter
                0x08000ec4       0x24 Drivers\STM32F1xx_HAL_Driver\Src\stm32f1xx_hal_rtc.o
 .text.RTC_ReadAlarmCounter
                0x08000ee8        0xe Drivers\STM32F1xx_HAL_Driver\Src\stm32f1xx_hal_rtc.o
 .text.RTC_ByteToBcd2
                0x08000ef6       0x16 Drivers\STM32F1xx_HAL_Driver\Src\stm32f1xx_hal_rtc.o
 .text.RTC_Bcd2ToByte
                0x08000f0c       0x10 Drivers\STM32F1xx_HAL_Driver\Src\stm32f1xx_hal_rtc.o
 .text.RTC_WeekDayNum
                0x08000f1c       0x6e Drivers\STM32F1xx_HAL_Driver\Src\stm32f1xx_hal_rtc.o
 .text.RTC_EnterInitMode
                0x08000f8a       0x2e Drivers\STM32F1xx_HAL_Driver\Src\stm32f1xx_hal_rtc.o
 .text.RTC_ExitInitMode
                0x08000fb8       0x30 Drivers\STM32F1xx_HAL_Driver\Src\stm32f1xx_hal_rtc.o
 .text.RTC_WriteTimeCounter
                0x08000fe8       0x28 Drivers\STM32F1xx_HAL_Driver\Src\stm32f1xx_hal_rtc.o
 .text.RTC_WriteAlarmCounter
                0x08001010       0x28 Drivers\STM32F1xx_HAL_Driver\Src\stm32f1xx_hal_rtc.o
 .text.HAL_RTC_SetTime
                0x08001038       0xa2 Drivers\STM32F1xx_HAL_Driver\Src\stm32f1xx_hal_rtc.o
                0x08001038                HAL_RTC_SetTime
 *fill*         0x080010da        0x2 
 .text.HAL_RTC_GetTime
                0x080010dc      0x16c Drivers\STM32F1xx_HAL_Driver\Src\stm32f1xx_hal_rtc.o
                0x080010dc                HAL_RTC_GetTime
 .text.HAL_RTC_SetDate
                0x08001248       0xb0 Drivers\STM32F1xx_HAL_Driver\Src\stm32f1xx_hal_rtc.o
                0x08001248                HAL_RTC_SetDate
 .text.HAL_RTC_SetAlarm_IT
                0x080012f8       0xe0 Drivers\STM32F1xx_HAL_Driver\Src\stm32f1xx_hal_rtc.o
                0x080012f8                HAL_RTC_SetAlarm_IT
 .text.HAL_RTC_AlarmAEventCallback
                0x080013d8        0x2 Drivers\STM32F1xx_HAL_Driver\Src\stm32f1xx_hal_rtc.o
                0x080013d8                HAL_RTC_AlarmAEventCallback
 *fill*         0x080013da        0x2 
 .text.HAL_RTC_AlarmIRQHandler
                0x080013dc       0x30 Drivers\STM32F1xx_HAL_Driver\Src\stm32f1xx_hal_rtc.o
                0x080013dc                HAL_RTC_AlarmIRQHandler
 .text.HAL_RTC_WaitForSynchro
                0x0800140c       0x36 Drivers\STM32F1xx_HAL_Driver\Src\stm32f1xx_hal_rtc.o
                0x0800140c                HAL_RTC_WaitForSynchro
 *fill*         0x08001442        0x2 
 .text.HAL_RTC_Init
                0x08001444       0xa0 Drivers\STM32F1xx_HAL_Driver\Src\stm32f1xx_hal_rtc.o
                0x08001444                HAL_RTC_Init
 .text.SPI_WaitFlagStateUntilTimeout
                0x080014e4       0x8e Drivers\STM32F1xx_HAL_Driver\Src\stm32f1xx_hal_spi.o
 .text.SPI_CheckFlag_BSY
                0x08001572       0x20 Drivers\STM32F1xx_HAL_Driver\Src\stm32f1xx_hal_spi.o
 .text.HAL_SPI_TransmitReceive
                0x08001592      0x1fa Drivers\STM32F1xx_HAL_Driver\Src\stm32f1xx_hal_spi.o
                0x08001592                HAL_SPI_TransmitReceive
 .text.HAL_SPI_Init
                0x0800178c       0x76 Drivers\STM32F1xx_HAL_Driver\Src\stm32f1xx_hal_spi_ex.o
                0x0800178c                HAL_SPI_Init
 .text.UART_EndRxTransfer
                0x08001802       0x1a Drivers\STM32F1xx_HAL_Driver\Src\stm32f1xx_hal_uart.o
 .text.UART_SetConfig
                0x0800181c      0x13c Drivers\STM32F1xx_HAL_Driver\Src\stm32f1xx_hal_uart.o
 .text.UART_WaitOnFlagUntilTimeout.constprop.3
                0x08001958       0x50 Drivers\STM32F1xx_HAL_Driver\Src\stm32f1xx_hal_uart.o
 .text.HAL_UART_Init
                0x080019a8       0x5c Drivers\STM32F1xx_HAL_Driver\Src\stm32f1xx_hal_uart.o
                0x080019a8                HAL_UART_Init
 .text.HAL_UART_Transmit
                0x08001a04       0xb8 Drivers\STM32F1xx_HAL_Driver\Src\stm32f1xx_hal_uart.o
                0x08001a04                HAL_UART_Transmit
 .text.HAL_UART_Receive_DMA
                0x08001abc       0x90 Drivers\STM32F1xx_HAL_Driver\Src\stm32f1xx_hal_uart.o
                0x08001abc                HAL_UART_Receive_DMA
 .text.UART_DMAReceiveCplt
                0x08001b4c       0x38 Drivers\STM32F1xx_HAL_Driver\Src\stm32f1xx_hal_uart.o
 .text.UART_Receive_IT
                0x08001b84       0x7c Drivers\STM32F1xx_HAL_Driver\Src\stm32f1xx_hal_uart.o
 .text.HAL_UART_RxHalfCpltCallback
                0x08001c00        0x2 Drivers\STM32F1xx_HAL_Driver\Src\stm32f1xx_hal_uart.o
                0x08001c00                HAL_UART_RxHalfCpltCallback
 .text.UART_DMARxHalfCplt
                0x08001c02        0xa Drivers\STM32F1xx_HAL_Driver\Src\stm32f1xx_hal_uart.o
 .text.UART_DMAError
                0x08001c0c       0x4e Drivers\STM32F1xx_HAL_Driver\Src\stm32f1xx_hal_uart.o
 *fill*         0x08001c5a        0x2 
 .text.HAL_UART_IRQHandler
                0x08001c5c      0x140 Drivers\STM32F1xx_HAL_Driver\Src\stm32f1xx_hal_uart.o
                0x08001c5c                HAL_UART_IRQHandler
 .text.UART_DMAAbortOnError
                0x08001d9c       0x10 Drivers\STM32F1xx_HAL_Driver\Src\stm32f1xx_hal_uart.o
 .text.GPS_NMEA_init_simple
                0x08001dac        0xe GPSTracker_Library\DB_GPS_NMEA_Simple.o
                0x08001dac                GPS_NMEA_init_simple
 *fill*         0x08001dba        0x2 
 .text.ClrPOR   0x08001dbc       0x10 GPSTracker_Library\DB_RFM98W_LoRa.o
 .text.SetPOR   0x08001dcc       0x10 GPSTracker_Library\DB_RFM98W_LoRa.o
 .text.SPI_CS_pin
                0x08001ddc       0x10 GPSTracker_Library\DB_RFM98W_LoRa.o
 .text.bSpiTransfer
                0x08001dec       0x30 GPSTracker_Library\DB_RFM98W_LoRa.o
 .text.bSpiRead
                0x08001e1c       0x22 GPSTracker_Library\DB_RFM98W_LoRa.o
 .text.vSpiWrite
                0x08001e3e       0x24 GPSTracker_Library\DB_RFM98W_LoRa.o
 .text.vSpiBurstWrite.constprop.2
                0x08001e62       0x30 GPSTracker_Library\DB_RFM98W_LoRa.o
 .text.RFM98W_LoRa_vGoStandby
                0x08001e92       0x1c GPSTracker_Library\DB_RFM98W_LoRa.o
                0x08001e92                RFM98W_LoRa_vGoStandby
 .text.RFM98W_LoRa_vConfig
                0x08001eae      0x3de GPSTracker_Library\DB_RFM98W_LoRa.o
                0x08001eae                RFM98W_LoRa_vConfig
 .text.RFM98W_LoRa_init
                0x0800228c      0x150 GPSTracker_Library\DB_RFM98W_LoRa.o
                0x0800228c                RFM98W_LoRa_init
 .text.RFM98W_LoRa_bSendMessage
                0x080023dc      0x136 GPSTracker_Library\DB_RFM98W_LoRa.o
                0x080023dc                RFM98W_LoRa_bSendMessage
 .text.RFM98W_LoRa_ReadRegister
                0x08002512        0x4 GPSTracker_Library\DB_RFM98W_LoRa.o
                0x08002512                RFM98W_LoRa_ReadRegister
 *fill*         0x08002516        0x2 
 .text.ringBuffer_init_DMA
                0x08002518       0x3c GPSTracker_Library\DB_ring_buffer.o
                0x08002518                ringBuffer_init_DMA
 .text.ringBuffer_checkBounds
                0x08002554       0x34 GPSTracker_Library\DB_ring_buffer.o
                0x08002554                ringBuffer_checkBounds
 .text.ringBuffer_check
                0x08002588       0x26 GPSTracker_Library\DB_ring_buffer.o
                0x08002588                ringBuffer_check
 .text.ringBuffer_read
                0x080025ae       0x24 GPSTracker_Library\DB_ring_buffer.o
                0x080025ae                ringBuffer_read
 .text.ringBuffer_readBytes
                0x080025d2       0x1e GPSTracker_Library\DB_ring_buffer.o
                0x080025d2                ringBuffer_readBytes
 .text.ringBuffer_checkAvailable
                0x080025f0       0x20 GPSTracker_Library\DB_ring_buffer.o
                0x080025f0                ringBuffer_checkAvailable
 .text.ringBuffer_flush
                0x08002610       0x16 GPSTracker_Library\DB_ring_buffer.o
                0x08002610                ringBuffer_flush
 *fill*         0x08002626        0x2 
 .text.soft_timer_handler
                0x08002628       0x30 GPSTracker_Library\DB_soft_timer.o
                0x08002628                soft_timer_handler
 .text.HAL_SYSTICK_Callback
                0x08002658        0xc MyTask\HalSystemCallback.o
                0x08002658                HAL_SYSTICK_Callback
 .text.HAL_UART_TxCpltCallback
                0x08002664       0x30 MyTask\HalSystemCallback.o
                0x08002664                HAL_UART_TxCpltCallback
 .text.HAL_UART_RxCpltCallback
                0x08002694       0x30 MyTask\HalSystemCallback.o
                0x08002694                HAL_UART_RxCpltCallback
 .text.HAL_UART_ErrorCallback
                0x080026c4       0x8c MyTask\HalSystemCallback.o
                0x080026c4                HAL_UART_ErrorCallback
 .text.FATAL_ERROR.constprop.0
                0x08002750        0x2 MyTask\common_fun.o
 *fill*         0x08002752        0x2 
 .text.DBG_PRINT
                0x08002754       0x48 MyTask\common_fun.o
                0x08002754                DBG_PRINT
 .text.DBG_PRINT_TN
                0x0800279c       0x88 MyTask\common_fun.o
                0x0800279c                DBG_PRINT_TN
 .text.LoRa_Panic
                0x08002824       0xa8 MyTask\common_fun.o
                0x08002824                LoRa_Panic
 .text.RTC_WakeUp
                0x080028cc       0x38 MyTask\common_fun.o
                0x080028cc                RTC_WakeUp
 .text.Increment_bcd
                0x08002904       0x26 MyTask\common_fun.o
                0x08002904                Increment_bcd
 *fill*         0x0800292a        0x2 
 .text.RTC_GoSleep
                0x0800292c       0x84 MyTask\common_fun.o
                0x0800292c                RTC_GoSleep
 .text.GPS_GSM_Tracker_init
                0x080029b0       0x64 MyTask\common_fun.o
                0x080029b0                GPS_GSM_Tracker_init
 .text.GPRS_Command
                0x08002a14       0x84 MyTask\common_fun.o
                0x08002a14                GPRS_Command
 .text.itoa     0x08002a98       0x38 MyTask\common_fun.o
                0x08002a98                itoa
 .text.GetPendingSMS
                0x08002ad0       0x54 MyTask\common_fun.o
                0x08002ad0                GetPendingSMS
 .text.GetMaxSMSCount
                0x08002b24       0x50 MyTask\common_fun.o
                0x08002b24                GetMaxSMSCount
 .text.GPRS_Task
                0x08002b74      0x360 MyTask\common_fun.o
                0x08002b74                GPRS_Task
 .text.ParseSMS
                0x08002ed4      0x118 MyTask\common_fun.o
                0x08002ed4                ParseSMS
 .text.GPS_GSM_TrackerTask
                0x08002fec      0x27c MyTask\common_fun.o
                0x08002fec                GPS_GSM_TrackerTask
 .text.MX_DMA_Init
                0x08003268       0x40 Src\dma.o
                0x08003268                MX_DMA_Init
 .text.MX_GPIO_Init
                0x080032a8      0x14c Src\gpio.o
                0x080032a8                MX_GPIO_Init
 .text.SystemClock_Config
                0x080033f4       0x72 Src\main.o
                0x080033f4                SystemClock_Config
 .text.startup.main
                0x08003466       0x38 Src\main.o
                0x08003466                main
 .text._Error_Handler
                0x0800349e        0x2 Src\main.o
                0x0800349e                _Error_Handler
 .text.MX_RTC_Init
                0x080034a0       0x80 Src\rtc.o
                0x080034a0                MX_RTC_Init
 .text.HAL_RTC_MspInit
                0x08003520       0x4c Src\rtc.o
                0x08003520                HAL_RTC_MspInit
 .text.MX_SPI2_Init
                0x0800356c       0x4c Src\spi.o
                0x0800356c                MX_SPI2_Init
 .text.HAL_SPI_MspInit
                0x080035b8       0x58 Src\spi.o
                0x080035b8                HAL_SPI_MspInit
 .text.HAL_MspInit
                0x08003610       0xa0 Src\stm32f1xx_hal_msp.o
                0x08003610                HAL_MspInit
 .text.NMI_Handler
                0x080036b0        0x2 Src\stm32f1xx_it.o
                0x080036b0                NMI_Handler
 *fill*         0x080036b2        0x2 
 .text.HardFault_Handler
                0x080036b4       0x1c Src\stm32f1xx_it.o
                0x080036b4                HardFault_Handler
 .text.MemManage_Handler
                0x080036d0        0x2 Src\stm32f1xx_it.o
                0x080036d0                MemManage_Handler
 .text.BusFault_Handler
                0x080036d2        0x2 Src\stm32f1xx_it.o
                0x080036d2                BusFault_Handler
 .text.UsageFault_Handler
                0x080036d4        0x2 Src\stm32f1xx_it.o
                0x080036d4                UsageFault_Handler
 .text.SVC_Handler
                0x080036d6        0x2 Src\stm32f1xx_it.o
                0x080036d6                SVC_Handler
 .text.DebugMon_Handler
                0x080036d8        0x2 Src\stm32f1xx_it.o
                0x080036d8                DebugMon_Handler
 .text.PendSV_Handler
                0x080036da        0x2 Src\stm32f1xx_it.o
                0x080036da                PendSV_Handler
 .text.SysTick_Handler
                0x080036dc        0xe Src\stm32f1xx_it.o
                0x080036dc                SysTick_Handler
 *fill*         0x080036ea        0x2 
 .text.DMA1_Channel3_IRQHandler
                0x080036ec        0xc Src\stm32f1xx_it.o
                0x080036ec                DMA1_Channel3_IRQHandler
 .text.DMA1_Channel6_IRQHandler
                0x080036f8        0xc Src\stm32f1xx_it.o
                0x080036f8                DMA1_Channel6_IRQHandler
 .text.USART2_IRQHandler
                0x08003704        0xc Src\stm32f1xx_it.o
                0x08003704                USART2_IRQHandler
 .text.USART3_IRQHandler
                0x08003710        0xc Src\stm32f1xx_it.o
                0x08003710                USART3_IRQHandler
 .text.RTC_Alarm_IRQHandler
                0x0800371c        0xc Src\stm32f1xx_it.o
                0x0800371c                RTC_Alarm_IRQHandler
 .text.SystemInit
                0x08003728       0x4c Src\system_stm32f1xx.o
                0x08003728                SystemInit
 .text.MX_USART2_UART_Init
                0x08003774       0x40 Src\usart.o
                0x08003774                MX_USART2_UART_Init
 .text.MX_USART3_UART_Init
                0x080037b4       0x40 Src\usart.o
                0x080037b4                MX_USART3_UART_Init
 .text.HAL_UART_MspInit
                0x080037f4      0x130 Src\usart.o
                0x080037f4                HAL_UART_MspInit
 .text.Reset_Handler
                0x08003924       0x48 startup\startup_stm32f103xb.o
                0x08003924                Reset_Handler
 .text.Default_Handler
                0x0800396c        0x2 startup\startup_stm32f103xb.o
                0x0800396c                EXTI2_IRQHandler
                0x0800396c                TIM1_CC_IRQHandler
                0x0800396c                PVD_IRQHandler
                0x0800396c                EXTI3_IRQHandler
                0x0800396c                EXTI0_IRQHandler
                0x0800396c                I2C2_EV_IRQHandler
                0x0800396c                ADC1_2_IRQHandler
                0x0800396c                SPI1_IRQHandler
                0x0800396c                TAMPER_IRQHandler
                0x0800396c                DMA1_Channel4_IRQHandler
                0x0800396c                RTC_IRQHandler
                0x0800396c                DMA1_Channel7_IRQHandler
                0x0800396c                CAN1_RX1_IRQHandler
                0x0800396c                TIM4_IRQHandler
                0x0800396c                I2C1_EV_IRQHandler
                0x0800396c                TIM3_IRQHandler
                0x0800396c                RCC_IRQHandler
                0x0800396c                TIM1_TRG_COM_IRQHandler
                0x0800396c                DMA1_Channel1_IRQHandler
                0x0800396c                Default_Handler
                0x0800396c                EXTI15_10_IRQHandler
                0x0800396c                EXTI9_5_IRQHandler
                0x0800396c                SPI2_IRQHandler
                0x0800396c                DMA1_Channel5_IRQHandler
                0x0800396c                EXTI4_IRQHandler
                0x0800396c                USB_LP_CAN1_RX0_IRQHandler
                0x0800396c                USB_HP_CAN1_TX_IRQHandler
                0x0800396c                TIM1_UP_IRQHandler
                0x0800396c                WWDG_IRQHandler
                0x0800396c                TIM2_IRQHandler
                0x0800396c                TIM1_BRK_IRQHandler
                0x0800396c                EXTI1_IRQHandler
                0x0800396c                I2C2_ER_IRQHandler
                0x0800396c                DMA1_Channel2_IRQHandler
                0x0800396c                CAN1_SCE_IRQHandler
                0x0800396c                FLASH_IRQHandler
                0x0800396c                USART1_IRQHandler
                0x0800396c                I2C1_ER_IRQHandler
                0x0800396c                USBWakeUp_IRQHandler
 *fill*         0x0800396e        0x2 
 .text.__libc_init_array
                0x08003970       0x48 c:/program files (x86)/atollic/truestudio for stm32 9.1.0/armtools/bin/../lib/gcc/arm-atollic-eabi/6.3.1/../../../../arm-atollic-eabi/lib/armv7-m\libc_nano.a(lib_a-init.o)
                0x08003970                __libc_init_array
 .text.memcmp   0x080039b8       0x1e c:/program files (x86)/atollic/truestudio for stm32 9.1.0/armtools/bin/../lib/gcc/arm-atollic-eabi/6.3.1/../../../../arm-atollic-eabi/lib/armv7-m\libc_nano.a(lib_a-memcmp.o)
                0x080039b8                memcmp
 .text.memset   0x080039d6       0x10 c:/program files (x86)/atollic/truestudio for stm32 9.1.0/armtools/bin/../lib/gcc/arm-atollic-eabi/6.3.1/../../../../arm-atollic-eabi/lib/armv7-m\libc_nano.a(lib_a-memset.o)
                0x080039d6                memset
 .text.strcat   0x080039e6       0x1e c:/program files (x86)/atollic/truestudio for stm32 9.1.0/armtools/bin/../lib/gcc/arm-atollic-eabi/6.3.1/../../../../arm-atollic-eabi/lib/armv7-m\libc_nano.a(lib_a-strcat.o)
                0x080039e6                strcat
 .text.strchr   0x08003a04       0x1c c:/program files (x86)/atollic/truestudio for stm32 9.1.0/armtools/bin/../lib/gcc/arm-atollic-eabi/6.3.1/../../../../arm-atollic-eabi/lib/armv7-m\libc_nano.a(lib_a-strchr.o)
                0x08003a04                strchr
 .text.strcpy   0x08003a20       0x10 c:/program files (x86)/atollic/truestudio for stm32 9.1.0/armtools/bin/../lib/gcc/arm-atollic-eabi/6.3.1/../../../../arm-atollic-eabi/lib/armv7-m\libc_nano.a(lib_a-strcpy.o)
                0x08003a20                strcpy
 .text.strncmp  0x08003a30       0x24 c:/program files (x86)/atollic/truestudio for stm32 9.1.0/armtools/bin/../lib/gcc/arm-atollic-eabi/6.3.1/../../../../arm-atollic-eabi/lib/armv7-m\libc_nano.a(lib_a-strncmp.o)
                0x08003a30                strncmp
 .text.strncpy  0x08003a54       0x2a c:/program files (x86)/atollic/truestudio for stm32 9.1.0/armtools/bin/../lib/gcc/arm-atollic-eabi/6.3.1/../../../../arm-atollic-eabi/lib/armv7-m\libc_nano.a(lib_a-strncpy.o)
                0x08003a54                strncpy
 .text.strstr   0x08003a7e       0x36 c:/program files (x86)/atollic/truestudio for stm32 9.1.0/armtools/bin/../lib/gcc/arm-atollic-eabi/6.3.1/../../../../arm-atollic-eabi/lib/armv7-m\libc_nano.a(lib_a-strstr.o)
                0x08003a7e                strstr
 *(.glue_7)
 .glue_7        0x08003ab4        0x0 linker stubs
 *(.glue_7t)
 .glue_7t       0x08003ab4        0x0 linker stubs
 *(.eh_frame)
 .eh_frame      0x08003ab4        0x0 c:/program files (x86)/atollic/truestudio for stm32 9.1.0/armtools/bin/../lib/gcc/arm-atollic-eabi/6.3.1/armv7-m/crtbegin.o
 *(.init)
 .init          0x08003ab4        0x4 c:/program files (x86)/atollic/truestudio for stm32 9.1.0/armtools/bin/../lib/gcc/arm-atollic-eabi/6.3.1/armv7-m/crti.o
                0x08003ab4                _init
 .init          0x08003ab8        0x8 c:/program files (x86)/atollic/truestudio for stm32 9.1.0/armtools/bin/../lib/gcc/arm-atollic-eabi/6.3.1/armv7-m/crtn.o
 *(.fini)
 .fini          0x08003ac0        0x4 c:/program files (x86)/atollic/truestudio for stm32 9.1.0/armtools/bin/../lib/gcc/arm-atollic-eabi/6.3.1/armv7-m/crti.o
                0x08003ac0                _fini
 .fini          0x08003ac4        0x8 c:/program files (x86)/atollic/truestudio for stm32 9.1.0/armtools/bin/../lib/gcc/arm-atollic-eabi/6.3.1/armv7-m/crtn.o
                0x08003acc                . = ALIGN (0x4)
                0x08003acc                _etext = .

.vfp11_veneer   0x08003acc        0x0
 .vfp11_veneer  0x08003acc        0x0 linker stubs

.v4_bx          0x08003acc        0x0
 .v4_bx         0x08003acc        0x0 linker stubs

.iplt           0x08003acc        0x0
 .iplt          0x08003acc        0x0 c:/program files (x86)/atollic/truestudio for stm32 9.1.0/armtools/bin/../lib/gcc/arm-atollic-eabi/6.3.1/armv7-m/crtbegin.o

.rodata         0x08003acc      0x320
                0x08003acc                . = ALIGN (0x4)
 *(.rodata)
 .rodata        0x08003acc       0x10 Drivers\STM32F1xx_HAL_Driver\Src\stm32f1xx_hal_rcc.o
 .rodata        0x08003adc       0x10 Drivers\STM32F1xx_HAL_Driver\Src\stm32f1xx_hal_rcc_ex.o
 .rodata        0x08003aec       0x18 Src\system_stm32f1xx.o
                0x08003aec                AHBPrescTable
                0x08003afc                APBPrescTable
 *(.rodata*)
 .rodata.str1.1
                0x08003b04      0x2be MyTask\common_fun.o
                                0x2ca (size before relaxing)
 .rodata.str1.1
                0x08003dc2        0xd Src\rtc.o
 .rodata.str1.1
                0x08003dcf        0xd Src\spi.o
 .rodata.str1.1
                0x08003ddc        0xf Src\usart.o
                0x08003dec                . = ALIGN (0x4)
 *fill*         0x08003deb        0x1 

.rel.dyn        0x08003dec        0x0
 .rel.iplt      0x08003dec        0x0 c:/program files (x86)/atollic/truestudio for stm32 9.1.0/armtools/bin/../lib/gcc/arm-atollic-eabi/6.3.1/armv7-m/crtbegin.o

.ARM.extab
 *(.ARM.extab* .gnu.linkonce.armextab.*)

.ARM            0x08003dec        0x0
                0x08003dec                __exidx_start = .
 *(.ARM.exidx*)
                0x08003dec                __exidx_end = .

.preinit_array  0x08003dec        0x0
                0x08003dec                PROVIDE (__preinit_array_start, .)
 *(.preinit_array*)
                0x08003dec                PROVIDE (__preinit_array_end, .)

.init_array     0x08003dec        0x4
                0x08003dec                PROVIDE (__init_array_start, .)
 *(SORT(.init_array.*))
 *(.init_array*)
 .init_array    0x08003dec        0x4 c:/program files (x86)/atollic/truestudio for stm32 9.1.0/armtools/bin/../lib/gcc/arm-atollic-eabi/6.3.1/armv7-m/crtbegin.o
                0x08003df0                PROVIDE (__init_array_end, .)

.fini_array     0x08003df0        0x4
                [!provide]                PROVIDE (__fini_array_start, .)
 *(SORT(.fini_array.*))
 *(.fini_array*)
 .fini_array    0x08003df0        0x4 c:/program files (x86)/atollic/truestudio for stm32 9.1.0/armtools/bin/../lib/gcc/arm-atollic-eabi/6.3.1/armv7-m/crtbegin.o
                [!provide]                PROVIDE (__fini_array_end, .)
                0x08003df4                _sidata = LOADADDR (.data)

.data           0x20000000        0xc load address 0x08003df4
                0x20000000                . = ALIGN (0x4)
                0x20000000                _sdata = .
 *(.data)
 .data          0x20000000        0x8 Drivers\STM32F1xx_HAL_Driver\Src\stm32f1xx_hal.o
                0x20000000                uwTickFreq
                0x20000004                uwTickPrio
 .data          0x20000008        0x4 Src\system_stm32f1xx.o
                0x20000008                SystemCoreClock
 *(.data*)
                0x2000000c                . = ALIGN (0x4)
                0x2000000c                _edata = .

.igot.plt       0x2000000c        0x0 load address 0x08003e00
 .igot.plt      0x2000000c        0x0 c:/program files (x86)/atollic/truestudio for stm32 9.1.0/armtools/bin/../lib/gcc/arm-atollic-eabi/6.3.1/armv7-m/crtbegin.o
                0x2000000c                . = ALIGN (0x4)

.bss            0x2000000c      0x94c load address 0x08003e00
                0x2000000c                _sbss = .
                0x2000000c                __bss_start__ = _sbss
 *(.bss)
 .bss           0x2000000c       0x1c c:/program files (x86)/atollic/truestudio for stm32 9.1.0/armtools/bin/../lib/gcc/arm-atollic-eabi/6.3.1/armv7-m/crtbegin.o
 .bss           0x20000028       0x14 GPSTracker_Library\DB_RFM98W_LoRa.o
 .bss           0x2000003c        0x1 GPSTracker_Library\DB_soft_timer.o
 *fill*         0x2000003d        0x3 
 .bss           0x20000040      0x279 MyTask\common_fun.o
                0x200002b4                FrequencyOffset
                0x200002b8                gpsRead_flag
 *(.bss*)
 *(COMMON)
 *fill*         0x200002b9        0x3 
 COMMON         0x200002bc        0x4 Drivers\STM32F1xx_HAL_Driver\Src\stm32f1xx_hal.o
                0x200002bc                uwTick
 COMMON         0x200002c0      0x524 MyTask\common_fun.o
                0x200002c0                rfm98RegTable
                0x200002d0                gsm_data
                0x200002d8                uart2_buffer_gps
                0x200004fc                Backup
                0x20000500                rfmRegAddress
                0x20000502                soft_timer
                0x20000504                gps_data
                0x200005bc                RFM98_data
                0x200005c0                uart3_buffer_gsm
 COMMON         0x200007e4       0x14 Src\rtc.o
                0x200007e4                hrtc
 COMMON         0x200007f8       0x58 Src\spi.o
                0x200007f8                hspi2
 COMMON         0x20000850      0x108 Src\usart.o
                0x20000850                hdma_usart2_rx
                0x20000894                hdma_usart3_rx
                0x200008d8                huart3
                0x20000918                huart2
                0x20000958                . = ALIGN (0x4)
                0x20000958                _ebss = .
                0x20000958                __bss_end__ = _ebss

._user_heap_stack
                0x20000958      0x600 load address 0x08003e00
                0x20000958                . = ALIGN (0x8)
                0x20000958                PROVIDE (end, .)
                [!provide]                PROVIDE (_end, .)
                0x20000b58                . = (. + _Min_Heap_Size)
 *fill*         0x20000958      0x200 
                0x20000f58                . = (. + _Min_Stack_Size)
 *fill*         0x20000b58      0x400 
                0x20000f58                . = ALIGN (0x8)

/DISCARD/
 libc.a(*)
 libm.a(*)
 libgcc.a(*)

.ARM.attributes
                0x00000000       0x29
 *(.ARM.attributes)
 .ARM.attributes
                0x00000000       0x1d c:/program files (x86)/atollic/truestudio for stm32 9.1.0/armtools/bin/../lib/gcc/arm-atollic-eabi/6.3.1/armv7-m/crti.o
 .ARM.attributes
                0x0000001d       0x2d c:/program files (x86)/atollic/truestudio for stm32 9.1.0/armtools/bin/../lib/gcc/arm-atollic-eabi/6.3.1/armv7-m/crtbegin.o
 .ARM.attributes
                0x0000004a       0x33 Drivers\STM32F1xx_HAL_Driver\Src\stm32f1xx_hal.o
 .ARM.attributes
                0x0000007d       0x33 Drivers\STM32F1xx_HAL_Driver\Src\stm32f1xx_hal_cortex.o
 .ARM.attributes
                0x000000b0       0x33 Drivers\STM32F1xx_HAL_Driver\Src\stm32f1xx_hal_dma.o
 .ARM.attributes
                0x000000e3       0x33 Drivers\STM32F1xx_HAL_Driver\Src\stm32f1xx_hal_gpio.o
 .ARM.attributes
                0x00000116       0x33 Drivers\STM32F1xx_HAL_Driver\Src\stm32f1xx_hal_pwr.o
 .ARM.attributes
                0x00000149       0x33 Drivers\STM32F1xx_HAL_Driver\Src\stm32f1xx_hal_rcc.o
 .ARM.attributes
                0x0000017c       0x33 Drivers\STM32F1xx_HAL_Driver\Src\stm32f1xx_hal_rcc_ex.o
 .ARM.attributes
                0x000001af       0x33 Drivers\STM32F1xx_HAL_Driver\Src\stm32f1xx_hal_rtc.o
 .ARM.attributes
                0x000001e2       0x33 Drivers\STM32F1xx_HAL_Driver\Src\stm32f1xx_hal_spi.o
 .ARM.attributes
                0x00000215       0x33 Drivers\STM32F1xx_HAL_Driver\Src\stm32f1xx_hal_spi_ex.o
 .ARM.attributes
                0x00000248       0x33 Drivers\STM32F1xx_HAL_Driver\Src\stm32f1xx_hal_uart.o
 .ARM.attributes
                0x0000027b       0x33 GPSTracker_Library\DB_GPS_NMEA_Simple.o
 .ARM.attributes
                0x000002ae       0x33 GPSTracker_Library\DB_RFM98W_LoRa.o
 .ARM.attributes
                0x000002e1       0x33 GPSTracker_Library\DB_ring_buffer.o
 .ARM.attributes
                0x00000314       0x33 GPSTracker_Library\DB_soft_timer.o
 .ARM.attributes
                0x00000347       0x33 MyTask\HalSystemCallback.o
 .ARM.attributes
                0x0000037a       0x33 MyTask\common_fun.o
 .ARM.attributes
                0x000003ad       0x33 Src\dma.o
 .ARM.attributes
                0x000003e0       0x33 Src\gpio.o
 .ARM.attributes
                0x00000413       0x33 Src\main.o
 .ARM.attributes
                0x00000446       0x33 Src\rtc.o
 .ARM.attributes
                0x00000479       0x33 Src\spi.o
 .ARM.attributes
                0x000004ac       0x33 Src\stm32f1xx_hal_msp.o
 .ARM.attributes
                0x000004df       0x33 Src\stm32f1xx_it.o
 .ARM.attributes
                0x00000512       0x33 Src\system_stm32f1xx.o
 .ARM.attributes
                0x00000545       0x33 Src\usart.o
 .ARM.attributes
                0x00000578       0x21 startup\startup_stm32f103xb.o
 .ARM.attributes
                0x00000599       0x2d c:/program files (x86)/atollic/truestudio for stm32 9.1.0/armtools/bin/../lib/gcc/arm-atollic-eabi/6.3.1/../../../../arm-atollic-eabi/lib/armv7-m\libc_nano.a(lib_a-init.o)
 .ARM.attributes
                0x000005c6       0x2d c:/program files (x86)/atollic/truestudio for stm32 9.1.0/armtools/bin/../lib/gcc/arm-atollic-eabi/6.3.1/../../../../arm-atollic-eabi/lib/armv7-m\libc_nano.a(lib_a-memcmp.o)
 .ARM.attributes
                0x000005f3       0x2d c:/program files (x86)/atollic/truestudio for stm32 9.1.0/armtools/bin/../lib/gcc/arm-atollic-eabi/6.3.1/../../../../arm-atollic-eabi/lib/armv7-m\libc_nano.a(lib_a-memset.o)
 .ARM.attributes
                0x00000620       0x2d c:/program files (x86)/atollic/truestudio for stm32 9.1.0/armtools/bin/../lib/gcc/arm-atollic-eabi/6.3.1/../../../../arm-atollic-eabi/lib/armv7-m\libc_nano.a(lib_a-strcat.o)
 .ARM.attributes
                0x0000064d       0x2d c:/program files (x86)/atollic/truestudio for stm32 9.1.0/armtools/bin/../lib/gcc/arm-atollic-eabi/6.3.1/../../../../arm-atollic-eabi/lib/armv7-m\libc_nano.a(lib_a-strchr.o)
 .ARM.attributes
                0x0000067a       0x2d c:/program files (x86)/atollic/truestudio for stm32 9.1.0/armtools/bin/../lib/gcc/arm-atollic-eabi/6.3.1/../../../../arm-atollic-eabi/lib/armv7-m\libc_nano.a(lib_a-strcpy.o)
 .ARM.attributes
                0x000006a7       0x17 c:/program files (x86)/atollic/truestudio for stm32 9.1.0/armtools/bin/../lib/gcc/arm-atollic-eabi/6.3.1/../../../../arm-atollic-eabi/lib/armv7-m\libc_nano.a(lib_a-strlen.o)
 .ARM.attributes
                0x000006be       0x2d c:/program files (x86)/atollic/truestudio for stm32 9.1.0/armtools/bin/../lib/gcc/arm-atollic-eabi/6.3.1/../../../../arm-atollic-eabi/lib/armv7-m\libc_nano.a(lib_a-strncmp.o)
 .ARM.attributes
                0x000006eb       0x2d c:/program files (x86)/atollic/truestudio for stm32 9.1.0/armtools/bin/../lib/gcc/arm-atollic-eabi/6.3.1/../../../../arm-atollic-eabi/lib/armv7-m\libc_nano.a(lib_a-strncpy.o)
 .ARM.attributes
                0x00000718       0x2d c:/program files (x86)/atollic/truestudio for stm32 9.1.0/armtools/bin/../lib/gcc/arm-atollic-eabi/6.3.1/../../../../arm-atollic-eabi/lib/armv7-m\libc_nano.a(lib_a-strstr.o)
 .ARM.attributes
                0x00000745       0x1d c:/program files (x86)/atollic/truestudio for stm32 9.1.0/armtools/bin/../lib/gcc/arm-atollic-eabi/6.3.1/armv7-m/crtn.o
OUTPUT(GPS_Tracker_LoRa.elf elf32-littlearm)

.debug_info     0x00000000    0x1f6be
 .debug_info    0x00000000      0xfb3 Drivers\STM32F1xx_HAL_Driver\Src\stm32f1xx_hal.o
 .debug_info    0x00000fb3     0x145c Drivers\STM32F1xx_HAL_Driver\Src\stm32f1xx_hal_cortex.o
 .debug_info    0x0000240f      0xffa Drivers\STM32F1xx_HAL_Driver\Src\stm32f1xx_hal_dma.o
 .debug_info    0x00003409      0xe75 Drivers\STM32F1xx_HAL_Driver\Src\stm32f1xx_hal_gpio.o
 .debug_info    0x0000427e      0xf4d Drivers\STM32F1xx_HAL_Driver\Src\stm32f1xx_hal_pwr.o
 .debug_info    0x000051cb     0x11f0 Drivers\STM32F1xx_HAL_Driver\Src\stm32f1xx_hal_rcc.o
 .debug_info    0x000063bb      0xc50 Drivers\STM32F1xx_HAL_Driver\Src\stm32f1xx_hal_rcc_ex.o
 .debug_info    0x0000700b     0x1a8c Drivers\STM32F1xx_HAL_Driver\Src\stm32f1xx_hal_rtc.o
 .debug_info    0x00008a97     0x2311 Drivers\STM32F1xx_HAL_Driver\Src\stm32f1xx_hal_spi.o
 .debug_info    0x0000ada8      0xe14 Drivers\STM32F1xx_HAL_Driver\Src\stm32f1xx_hal_spi_ex.o
 .debug_info    0x0000bbbc     0x1df9 Drivers\STM32F1xx_HAL_Driver\Src\stm32f1xx_hal_uart.o
 .debug_info    0x0000d9b5     0x1234 GPSTracker_Library\DB_GPS_NMEA_Simple.o
 .debug_info    0x0000ebe9     0x209e GPSTracker_Library\DB_RFM98W_LoRa.o
 .debug_info    0x00010c87     0x13e5 GPSTracker_Library\DB_ring_buffer.o
 .debug_info    0x0001206c      0x131 GPSTracker_Library\DB_soft_timer.o
 .debug_info    0x0001219d     0x14d5 MyTask\HalSystemCallback.o
 .debug_info    0x00013672     0x31c9 MyTask\common_fun.o
 .debug_info    0x0001683b      0xbab Src\dma.o
 .debug_info    0x000173e6      0xd12 Src\gpio.o
 .debug_info    0x000180f8     0x185a Src\main.o
 .debug_info    0x00019952      0xf42 Src\rtc.o
 .debug_info    0x0001a894     0x105b Src\spi.o
 .debug_info    0x0001b8ef      0xcd3 Src\stm32f1xx_hal_msp.o
 .debug_info    0x0001c5c2     0x1133 Src\stm32f1xx_it.o
 .debug_info    0x0001d6f5      0xc00 Src\system_stm32f1xx.o
 .debug_info    0x0001e2f5     0x1336 Src\usart.o
 .debug_info    0x0001f62b       0x93 startup\startup_stm32f103xb.o

.debug_abbrev   0x00000000     0x45f2
 .debug_abbrev  0x00000000      0x308 Drivers\STM32F1xx_HAL_Driver\Src\stm32f1xx_hal.o
 .debug_abbrev  0x00000308      0x399 Drivers\STM32F1xx_HAL_Driver\Src\stm32f1xx_hal_cortex.o
 .debug_abbrev  0x000006a1      0x29e Drivers\STM32F1xx_HAL_Driver\Src\stm32f1xx_hal_dma.o
 .debug_abbrev  0x0000093f      0x268 Drivers\STM32F1xx_HAL_Driver\Src\stm32f1xx_hal_gpio.o
 .debug_abbrev  0x00000ba7      0x28a Drivers\STM32F1xx_HAL_Driver\Src\stm32f1xx_hal_pwr.o
 .debug_abbrev  0x00000e31      0x367 Drivers\STM32F1xx_HAL_Driver\Src\stm32f1xx_hal_rcc.o
 .debug_abbrev  0x00001198      0x277 Drivers\STM32F1xx_HAL_Driver\Src\stm32f1xx_hal_rcc_ex.o
 .debug_abbrev  0x0000140f      0x390 Drivers\STM32F1xx_HAL_Driver\Src\stm32f1xx_hal_rtc.o
 .debug_abbrev  0x0000179f      0x39b Drivers\STM32F1xx_HAL_Driver\Src\stm32f1xx_hal_spi.o
 .debug_abbrev  0x00001b3a      0x1d8 Drivers\STM32F1xx_HAL_Driver\Src\stm32f1xx_hal_spi_ex.o
 .debug_abbrev  0x00001d12      0x364 Drivers\STM32F1xx_HAL_Driver\Src\stm32f1xx_hal_uart.o
 .debug_abbrev  0x00002076      0x2bd GPSTracker_Library\DB_GPS_NMEA_Simple.o
 .debug_abbrev  0x00002333      0x41f GPSTracker_Library\DB_RFM98W_LoRa.o
 .debug_abbrev  0x00002752      0x383 GPSTracker_Library\DB_ring_buffer.o
 .debug_abbrev  0x00002ad5       0xbc GPSTracker_Library\DB_soft_timer.o
 .debug_abbrev  0x00002b91      0x256 MyTask\HalSystemCallback.o
 .debug_abbrev  0x00002de7      0x469 MyTask\common_fun.o
 .debug_abbrev  0x00003250      0x1f5 Src\dma.o
 .debug_abbrev  0x00003445      0x206 Src\gpio.o
 .debug_abbrev  0x0000364b      0x28e Src\main.o
 .debug_abbrev  0x000038d9      0x23b Src\rtc.o
 .debug_abbrev  0x00003b14      0x227 Src\spi.o
 .debug_abbrev  0x00003d3b      0x200 Src\stm32f1xx_hal_msp.o
 .debug_abbrev  0x00003f3b      0x260 Src\stm32f1xx_it.o
 .debug_abbrev  0x0000419b      0x1eb Src\system_stm32f1xx.o
 .debug_abbrev  0x00004386      0x25a Src\usart.o
 .debug_abbrev  0x000045e0       0x12 startup\startup_stm32f103xb.o

.debug_loc      0x00000000     0x7012
 .debug_loc     0x00000000      0x11b Drivers\STM32F1xx_HAL_Driver\Src\stm32f1xx_hal.o
 .debug_loc     0x0000011b      0x46b Drivers\STM32F1xx_HAL_Driver\Src\stm32f1xx_hal_cortex.o
 .debug_loc     0x00000586      0x5d1 Drivers\STM32F1xx_HAL_Driver\Src\stm32f1xx_hal_dma.o
 .debug_loc     0x00000b57      0x36a Drivers\STM32F1xx_HAL_Driver\Src\stm32f1xx_hal_gpio.o
 .debug_loc     0x00000ec1       0xaa Drivers\STM32F1xx_HAL_Driver\Src\stm32f1xx_hal_pwr.o
 .debug_loc     0x00000f6b      0x4c3 Drivers\STM32F1xx_HAL_Driver\Src\stm32f1xx_hal_rcc.o
 .debug_loc     0x0000142e      0x29d Drivers\STM32F1xx_HAL_Driver\Src\stm32f1xx_hal_rcc_ex.o
 .debug_loc     0x000016cb      0xe8e Drivers\STM32F1xx_HAL_Driver\Src\stm32f1xx_hal_rtc.o
 .debug_loc     0x00002559     0x1525 Drivers\STM32F1xx_HAL_Driver\Src\stm32f1xx_hal_spi.o
 .debug_loc     0x00003a7e       0x34 Drivers\STM32F1xx_HAL_Driver\Src\stm32f1xx_hal_spi_ex.o
 .debug_loc     0x00003ab2     0x1311 Drivers\STM32F1xx_HAL_Driver\Src\stm32f1xx_hal_uart.o
 .debug_loc     0x00004dc3      0x17c GPSTracker_Library\DB_GPS_NMEA_Simple.o
 .debug_loc     0x00004f3f      0xde7 GPSTracker_Library\DB_RFM98W_LoRa.o
 .debug_loc     0x00005d26      0x466 GPSTracker_Library\DB_ring_buffer.o
 .debug_loc     0x0000618c       0x5b GPSTracker_Library\DB_soft_timer.o
 .debug_loc     0x000061e7       0x2c MyTask\HalSystemCallback.o
 .debug_loc     0x00006213      0xbf3 MyTask\common_fun.o
 .debug_loc     0x00006e06       0x24 Src\gpio.o
 .debug_loc     0x00006e2a       0x4d Src\rtc.o
 .debug_loc     0x00006e77       0x4d Src\spi.o
 .debug_loc     0x00006ec4       0xcd Src\system_stm32f1xx.o
 .debug_loc     0x00006f91       0x81 Src\usart.o

.debug_aranges  0x00000000      0xc00
 .debug_aranges
                0x00000000       0xc8 Drivers\STM32F1xx_HAL_Driver\Src\stm32f1xx_hal.o
 .debug_aranges
                0x000000c8       0x90 Drivers\STM32F1xx_HAL_Driver\Src\stm32f1xx_hal_cortex.o
 .debug_aranges
                0x00000158       0x78 Drivers\STM32F1xx_HAL_Driver\Src\stm32f1xx_hal_dma.o
 .debug_aranges
                0x000001d0       0x58 Drivers\STM32F1xx_HAL_Driver\Src\stm32f1xx_hal_gpio.o
 .debug_aranges
                0x00000228       0xa8 Drivers\STM32F1xx_HAL_Driver\Src\stm32f1xx_hal_pwr.o
 .debug_aranges
                0x000002d0       0x88 Drivers\STM32F1xx_HAL_Driver\Src\stm32f1xx_hal_rcc.o
 .debug_aranges
                0x00000358       0x30 Drivers\STM32F1xx_HAL_Driver\Src\stm32f1xx_hal_rcc_ex.o
 .debug_aranges
                0x00000388       0xd8 Drivers\STM32F1xx_HAL_Driver\Src\stm32f1xx_hal_rtc.o
 .debug_aranges
                0x00000460      0x188 Drivers\STM32F1xx_HAL_Driver\Src\stm32f1xx_hal_spi.o
 .debug_aranges
                0x000005e8       0x20 Drivers\STM32F1xx_HAL_Driver\Src\stm32f1xx_hal_spi_ex.o
 .debug_aranges
                0x00000608      0x170 Drivers\STM32F1xx_HAL_Driver\Src\stm32f1xx_hal_uart.o
 .debug_aranges
                0x00000778       0x28 GPSTracker_Library\DB_GPS_NMEA_Simple.o
 .debug_aranges
                0x000007a0       0xb8 GPSTracker_Library\DB_RFM98W_LoRa.o
 .debug_aranges
                0x00000858       0xa8 GPSTracker_Library\DB_ring_buffer.o
 .debug_aranges
                0x00000900       0x28 GPSTracker_Library\DB_soft_timer.o
 .debug_aranges
                0x00000928       0x40 MyTask\HalSystemCallback.o
 .debug_aranges
                0x00000968       0xb0 MyTask\common_fun.o
 .debug_aranges
                0x00000a18       0x20 Src\dma.o
 .debug_aranges
                0x00000a38       0x20 Src\gpio.o
 .debug_aranges
                0x00000a58       0x30 Src\main.o
 .debug_aranges
                0x00000a88       0x30 Src\rtc.o
 .debug_aranges
                0x00000ab8       0x30 Src\spi.o
 .debug_aranges
                0x00000ae8       0x20 Src\stm32f1xx_hal_msp.o
 .debug_aranges
                0x00000b08       0x70 Src\stm32f1xx_it.o
 .debug_aranges
                0x00000b78       0x28 Src\system_stm32f1xx.o
 .debug_aranges
                0x00000ba0       0x38 Src\usart.o
 .debug_aranges
                0x00000bd8       0x28 startup\startup_stm32f103xb.o

.debug_ranges   0x00000000      0xf28
 .debug_ranges  0x00000000       0xb8 Drivers\STM32F1xx_HAL_Driver\Src\stm32f1xx_hal.o
 .debug_ranges  0x000000b8      0x128 Drivers\STM32F1xx_HAL_Driver\Src\stm32f1xx_hal_cortex.o
 .debug_ranges  0x000001e0       0xa8 Drivers\STM32F1xx_HAL_Driver\Src\stm32f1xx_hal_dma.o
 .debug_ranges  0x00000288       0x60 Drivers\STM32F1xx_HAL_Driver\Src\stm32f1xx_hal_gpio.o
 .debug_ranges  0x000002e8       0x98 Drivers\STM32F1xx_HAL_Driver\Src\stm32f1xx_hal_pwr.o
 .debug_ranges  0x00000380       0xa0 Drivers\STM32F1xx_HAL_Driver\Src\stm32f1xx_hal_rcc.o
 .debug_ranges  0x00000420       0x40 Drivers\STM32F1xx_HAL_Driver\Src\stm32f1xx_hal_rcc_ex.o
 .debug_ranges  0x00000460      0x108 Drivers\STM32F1xx_HAL_Driver\Src\stm32f1xx_hal_rtc.o
 .debug_ranges  0x00000568      0x1d8 Drivers\STM32F1xx_HAL_Driver\Src\stm32f1xx_hal_spi.o
 .debug_ranges  0x00000740       0x10 Drivers\STM32F1xx_HAL_Driver\Src\stm32f1xx_hal_spi_ex.o
 .debug_ranges  0x00000750      0x190 Drivers\STM32F1xx_HAL_Driver\Src\stm32f1xx_hal_uart.o
 .debug_ranges  0x000008e0       0x68 GPSTracker_Library\DB_GPS_NMEA_Simple.o
 .debug_ranges  0x00000948      0x148 GPSTracker_Library\DB_RFM98W_LoRa.o
 .debug_ranges  0x00000a90       0x98 GPSTracker_Library\DB_ring_buffer.o
 .debug_ranges  0x00000b28       0x18 GPSTracker_Library\DB_soft_timer.o
 .debug_ranges  0x00000b40       0x70 MyTask\HalSystemCallback.o
 .debug_ranges  0x00000bb0       0xc0 MyTask\common_fun.o
 .debug_ranges  0x00000c70       0x40 Src\dma.o
 .debug_ranges  0x00000cb0       0x98 Src\gpio.o
 .debug_ranges  0x00000d48       0x20 Src\main.o
 .debug_ranges  0x00000d68       0x40 Src\rtc.o
 .debug_ranges  0x00000da8       0x40 Src\spi.o
 .debug_ranges  0x00000de8       0x30 Src\stm32f1xx_hal_msp.o
 .debug_ranges  0x00000e18       0x60 Src\stm32f1xx_it.o
 .debug_ranges  0x00000e78       0x18 Src\system_stm32f1xx.o
 .debug_ranges  0x00000e90       0x78 Src\usart.o
 .debug_ranges  0x00000f08       0x20 startup\startup_stm32f103xb.o

.debug_line     0x00000000     0x7e39
 .debug_line    0x00000000      0x461 Drivers\STM32F1xx_HAL_Driver\Src\stm32f1xx_hal.o
 .debug_line    0x00000461      0x432 Drivers\STM32F1xx_HAL_Driver\Src\stm32f1xx_hal_cortex.o
 .debug_line    0x00000893      0x699 Drivers\STM32F1xx_HAL_Driver\Src\stm32f1xx_hal_dma.o
 .debug_line    0x00000f2c      0x44b Drivers\STM32F1xx_HAL_Driver\Src\stm32f1xx_hal_gpio.o
 .debug_line    0x00001377      0x43f Drivers\STM32F1xx_HAL_Driver\Src\stm32f1xx_hal_pwr.o
 .debug_line    0x000017b6      0x633 Drivers\STM32F1xx_HAL_Driver\Src\stm32f1xx_hal_rcc.o
 .debug_line    0x00001de9      0x3cc Drivers\STM32F1xx_HAL_Driver\Src\stm32f1xx_hal_rcc_ex.o
 .debug_line    0x000021b5      0x770 Drivers\STM32F1xx_HAL_Driver\Src\stm32f1xx_hal_rtc.o
 .debug_line    0x00002925      0xbeb Drivers\STM32F1xx_HAL_Driver\Src\stm32f1xx_hal_spi.o
 .debug_line    0x00003510      0x2f2 Drivers\STM32F1xx_HAL_Driver\Src\stm32f1xx_hal_spi_ex.o
 .debug_line    0x00003802      0xc45 Drivers\STM32F1xx_HAL_Driver\Src\stm32f1xx_hal_uart.o
 .debug_line    0x00004447      0x3d2 GPSTracker_Library\DB_GPS_NMEA_Simple.o
 .debug_line    0x00004819      0x6a1 GPSTracker_Library\DB_RFM98W_LoRa.o
 .debug_line    0x00004eba      0x496 GPSTracker_Library\DB_ring_buffer.o
 .debug_line    0x00005350      0x160 GPSTracker_Library\DB_soft_timer.o
 .debug_line    0x000054b0      0x403 MyTask\HalSystemCallback.o
 .debug_line    0x000058b3      0x859 MyTask\common_fun.o
 .debug_line    0x0000610c      0x27f Src\dma.o
 .debug_line    0x0000638b      0x2ce Src\gpio.o
 .debug_line    0x00006659      0x491 Src\main.o
 .debug_line    0x00006aea      0x31c Src\rtc.o
 .debug_line    0x00006e06      0x31b Src\spi.o
 .debug_line    0x00007121      0x28f Src\stm32f1xx_hal_msp.o
 .debug_line    0x000073b0      0x3ba Src\stm32f1xx_it.o
 .debug_line    0x0000776a      0x288 Src\system_stm32f1xx.o
 .debug_line    0x000079f2      0x3ca Src\usart.o
 .debug_line    0x00007dbc       0x7d startup\startup_stm32f103xb.o

.debug_str      0x00000000     0x3fa8
 .debug_str     0x00000000      0xbbf Drivers\STM32F1xx_HAL_Driver\Src\stm32f1xx_hal.o
                                0xc7e (size before relaxing)
 .debug_str     0x00000bbf      0x2e1 Drivers\STM32F1xx_HAL_Driver\Src\stm32f1xx_hal_cortex.o
                                0xd2c (size before relaxing)
 .debug_str     0x00000ea0      0x3f0 Drivers\STM32F1xx_HAL_Driver\Src\stm32f1xx_hal_dma.o
                                0xa90 (size before relaxing)
 .debug_str     0x00001290      0x1c2 Drivers\STM32F1xx_HAL_Driver\Src\stm32f1xx_hal_gpio.o
                                0x899 (size before relaxing)
 .debug_str     0x00001452      0x24a Drivers\STM32F1xx_HAL_Driver\Src\stm32f1xx_hal_pwr.o
                                0x92e (size before relaxing)
 .debug_str     0x0000169c      0x30b Drivers\STM32F1xx_HAL_Driver\Src\stm32f1xx_hal_rcc.o
                                0xa77 (size before relaxing)
 .debug_str     0x000019a7      0x12b Drivers\STM32F1xx_HAL_Driver\Src\stm32f1xx_hal_rcc_ex.o
                                0x854 (size before relaxing)
 .debug_str     0x00001ad2      0x44a Drivers\STM32F1xx_HAL_Driver\Src\stm32f1xx_hal_rtc.o
                                0xb90 (size before relaxing)
 .debug_str     0x00001f1c      0x6b5 Drivers\STM32F1xx_HAL_Driver\Src\stm32f1xx_hal_spi.o
                                0xf6c (size before relaxing)
 .debug_str     0x000025d1       0x3b Drivers\STM32F1xx_HAL_Driver\Src\stm32f1xx_hal_spi_ex.o
                                0xa54 (size before relaxing)
 .debug_str     0x0000260c      0x67b Drivers\STM32F1xx_HAL_Driver\Src\stm32f1xx_hal_uart.o
                                0xfe1 (size before relaxing)
 .debug_str     0x00002c87      0x219 GPSTracker_Library\DB_GPS_NMEA_Simple.o
                                0xbec (size before relaxing)
 .debug_str     0x00002ea0      0x50d GPSTracker_Library\DB_RFM98W_LoRa.o
                                0xfbe (size before relaxing)
 .debug_str     0x000033ad      0x1b4 GPSTracker_Library\DB_ring_buffer.o
                                0xc8a (size before relaxing)
 .debug_str     0x00003561       0x7c GPSTracker_Library\DB_soft_timer.o
                                0x219 (size before relaxing)
 .debug_str     0x000035dd       0x9e MyTask\HalSystemCallback.o
                                0xe5b (size before relaxing)
 .debug_str     0x0000367b      0x68f MyTask\common_fun.o
                               0x19cb (size before relaxing)
 .debug_str     0x00003d0a       0x19 Src\dma.o
                                0x96e (size before relaxing)
 .debug_str     0x00003d23       0x2b Src\gpio.o
                                0x739 (size before relaxing)
 .debug_str     0x00003d4e       0x7b Src\main.o
                               0x1374 (size before relaxing)
 .debug_str     0x00003dc9       0x17 Src\rtc.o
                                0xbc2 (size before relaxing)
 .debug_str     0x00003de0       0x17 Src\spi.o
                                0xaf4 (size before relaxing)
 .debug_str     0x00003df7       0x1b Src\stm32f1xx_hal_msp.o
                                0x9b4 (size before relaxing)
 .debug_str     0x00003e12      0x12f Src\stm32f1xx_it.o
                                0xc88 (size before relaxing)
 .debug_str     0x00003f41       0x4d Src\system_stm32f1xx.o
                                0x702 (size before relaxing)
 .debug_str     0x00003f8e       0x1a Src\usart.o
                                0xe41 (size before relaxing)

.comment        0x00000000       0x7c
 .comment       0x00000000       0x7c Drivers\STM32F1xx_HAL_Driver\Src\stm32f1xx_hal.o
                                 0x7d (size before relaxing)
 .comment       0x0000007c       0x7d Drivers\STM32F1xx_HAL_Driver\Src\stm32f1xx_hal_cortex.o
 .comment       0x0000007c       0x7d Drivers\STM32F1xx_HAL_Driver\Src\stm32f1xx_hal_dma.o
 .comment       0x0000007c       0x7d Drivers\STM32F1xx_HAL_Driver\Src\stm32f1xx_hal_gpio.o
 .comment       0x0000007c       0x7d Drivers\STM32F1xx_HAL_Driver\Src\stm32f1xx_hal_pwr.o
 .comment       0x0000007c       0x7d Drivers\STM32F1xx_HAL_Driver\Src\stm32f1xx_hal_rcc.o
 .comment       0x0000007c       0x7d Drivers\STM32F1xx_HAL_Driver\Src\stm32f1xx_hal_rcc_ex.o
 .comment       0x0000007c       0x7d Drivers\STM32F1xx_HAL_Driver\Src\stm32f1xx_hal_rtc.o
 .comment       0x0000007c       0x7d Drivers\STM32F1xx_HAL_Driver\Src\stm32f1xx_hal_spi.o
 .comment       0x0000007c       0x7d Drivers\STM32F1xx_HAL_Driver\Src\stm32f1xx_hal_spi_ex.o
 .comment       0x0000007c       0x7d Drivers\STM32F1xx_HAL_Driver\Src\stm32f1xx_hal_uart.o
 .comment       0x0000007c       0x7d GPSTracker_Library\DB_GPS_NMEA_Simple.o
 .comment       0x0000007c       0x7d GPSTracker_Library\DB_RFM98W_LoRa.o
 .comment       0x0000007c       0x7d GPSTracker_Library\DB_ring_buffer.o
 .comment       0x0000007c       0x7d GPSTracker_Library\DB_soft_timer.o
 .comment       0x0000007c       0x7d MyTask\HalSystemCallback.o
 .comment       0x0000007c       0x7d MyTask\common_fun.o
 .comment       0x0000007c       0x7d Src\dma.o
 .comment       0x0000007c       0x7d Src\gpio.o
 .comment       0x0000007c       0x7d Src\main.o
 .comment       0x0000007c       0x7d Src\rtc.o
 .comment       0x0000007c       0x7d Src\spi.o
 .comment       0x0000007c       0x7d Src\stm32f1xx_hal_msp.o
 .comment       0x0000007c       0x7d Src\stm32f1xx_it.o
 .comment       0x0000007c       0x7d Src\system_stm32f1xx.o
 .comment       0x0000007c       0x7d Src\usart.o

.debug_frame    0x00000000     0x2034
 .debug_frame   0x00000000      0x1b0 Drivers\STM32F1xx_HAL_Driver\Src\stm32f1xx_hal.o
 .debug_frame   0x000001b0      0x120 Drivers\STM32F1xx_HAL_Driver\Src\stm32f1xx_hal_cortex.o
 .debug_frame   0x000002d0      0x144 Drivers\STM32F1xx_HAL_Driver\Src\stm32f1xx_hal_dma.o
 .debug_frame   0x00000414       0xd4 Drivers\STM32F1xx_HAL_Driver\Src\stm32f1xx_hal_gpio.o
 .debug_frame   0x000004e8      0x140 Drivers\STM32F1xx_HAL_Driver\Src\stm32f1xx_hal_pwr.o
 .debug_frame   0x00000628      0x150 Drivers\STM32F1xx_HAL_Driver\Src\stm32f1xx_hal_rcc.o
 .debug_frame   0x00000778       0x6c Drivers\STM32F1xx_HAL_Driver\Src\stm32f1xx_hal_rcc_ex.o
 .debug_frame   0x000007e4      0x2bc Drivers\STM32F1xx_HAL_Driver\Src\stm32f1xx_hal_rtc.o
 .debug_frame   0x00000aa0      0x570 Drivers\STM32F1xx_HAL_Driver\Src\stm32f1xx_hal_spi.o
 .debug_frame   0x00001010       0x28 Drivers\STM32F1xx_HAL_Driver\Src\stm32f1xx_hal_spi_ex.o
 .debug_frame   0x00001038      0x4a0 Drivers\STM32F1xx_HAL_Driver\Src\stm32f1xx_hal_uart.o
 .debug_frame   0x000014d8       0x44 GPSTracker_Library\DB_GPS_NMEA_Simple.o
 .debug_frame   0x0000151c      0x218 GPSTracker_Library\DB_RFM98W_LoRa.o
 .debug_frame   0x00001734      0x190 GPSTracker_Library\DB_ring_buffer.o
 .debug_frame   0x000018c4       0x3c GPSTracker_Library\DB_soft_timer.o
 .debug_frame   0x00001900       0x6c MyTask\HalSystemCallback.o
 .debug_frame   0x0000196c      0x20c MyTask\common_fun.o
 .debug_frame   0x00001b78       0x28 Src\dma.o
 .debug_frame   0x00001ba0       0x3c Src\gpio.o
 .debug_frame   0x00001bdc       0x58 Src\main.o
 .debug_frame   0x00001c34       0x50 Src\rtc.o
 .debug_frame   0x00001c84       0x58 Src\spi.o
 .debug_frame   0x00001cdc       0x2c Src\stm32f1xx_hal_msp.o
 .debug_frame   0x00001d08      0x104 Src\stm32f1xx_it.o
 .debug_frame   0x00001e0c       0x30 Src\system_stm32f1xx.o
 .debug_frame   0x00001e3c       0x98 Src\usart.o
 .debug_frame   0x00001ed4       0x2c c:/program files (x86)/atollic/truestudio for stm32 9.1.0/armtools/bin/../lib/gcc/arm-atollic-eabi/6.3.1/../../../../arm-atollic-eabi/lib/armv7-m\libc_nano.a(lib_a-init.o)
 .debug_frame   0x00001f00       0x28 c:/program files (x86)/atollic/truestudio for stm32 9.1.0/armtools/bin/../lib/gcc/arm-atollic-eabi/6.3.1/../../../../arm-atollic-eabi/lib/armv7-m\libc_nano.a(lib_a-memcmp.o)
 .debug_frame   0x00001f28       0x20 c:/program files (x86)/atollic/truestudio for stm32 9.1.0/armtools/bin/../lib/gcc/arm-atollic-eabi/6.3.1/../../../../arm-atollic-eabi/lib/armv7-m\libc_nano.a(lib_a-memset.o)
 .debug_frame   0x00001f48       0x28 c:/program files (x86)/atollic/truestudio for stm32 9.1.0/armtools/bin/../lib/gcc/arm-atollic-eabi/6.3.1/../../../../arm-atollic-eabi/lib/armv7-m\libc_nano.a(lib_a-strcat.o)
 .debug_frame   0x00001f70       0x20 c:/program files (x86)/atollic/truestudio for stm32 9.1.0/armtools/bin/../lib/gcc/arm-atollic-eabi/6.3.1/../../../../arm-atollic-eabi/lib/armv7-m\libc_nano.a(lib_a-strchr.o)
 .debug_frame   0x00001f90       0x20 c:/program files (x86)/atollic/truestudio for stm32 9.1.0/armtools/bin/../lib/gcc/arm-atollic-eabi/6.3.1/../../../../arm-atollic-eabi/lib/armv7-m\libc_nano.a(lib_a-strcpy.o)
 .debug_frame   0x00001fb0       0x28 c:/program files (x86)/atollic/truestudio for stm32 9.1.0/armtools/bin/../lib/gcc/arm-atollic-eabi/6.3.1/../../../../arm-atollic-eabi/lib/armv7-m\libc_nano.a(lib_a-strncmp.o)
 .debug_frame   0x00001fd8       0x2c c:/program files (x86)/atollic/truestudio for stm32 9.1.0/armtools/bin/../lib/gcc/arm-atollic-eabi/6.3.1/../../../../arm-atollic-eabi/lib/armv7-m\libc_nano.a(lib_a-strncpy.o)
 .debug_frame   0x00002004       0x30 c:/program files (x86)/atollic/truestudio for stm32 9.1.0/armtools/bin/../lib/gcc/arm-atollic-eabi/6.3.1/../../../../arm-atollic-eabi/lib/armv7-m\libc_nano.a(lib_a-strstr.o)
