Archive member included to satisfy reference by file (symbol)

d:/ac6/systemworkbench/plugins/fr.ac6.mcu.externaltools.arm-none.win32_1.16.0.201807130628/tools/compiler/bin/../lib/gcc/arm-none-eabi/7.2.1/../../../../arm-none-eabi/lib/thumb/v7-m\libm.a(lib_a-sf_pow.o)
                              GPSTracker_Library/DB_RFM98W_LoRa.o (powf)
d:/ac6/systemworkbench/plugins/fr.ac6.mcu.externaltools.arm-none.win32_1.16.0.201807130628/tools/compiler/bin/../lib/gcc/arm-none-eabi/7.2.1/../../../../arm-none-eabi/lib/thumb/v7-m\libm.a(lib_a-sf_pow_log2_data.o)
                              d:/ac6/systemworkbench/plugins/fr.ac6.mcu.externaltools.arm-none.win32_1.16.0.201807130628/tools/compiler/bin/../lib/gcc/arm-none-eabi/7.2.1/../../../../arm-none-eabi/lib/thumb/v7-m\libm.a(lib_a-sf_pow.o) (__powf_log2_data)
d:/ac6/systemworkbench/plugins/fr.ac6.mcu.externaltools.arm-none.win32_1.16.0.201807130628/tools/compiler/bin/../lib/gcc/arm-none-eabi/7.2.1/../../../../arm-none-eabi/lib/thumb/v7-m\libm.a(lib_a-math_errf.o)
                              d:/ac6/systemworkbench/plugins/fr.ac6.mcu.externaltools.arm-none.win32_1.16.0.201807130628/tools/compiler/bin/../lib/gcc/arm-none-eabi/7.2.1/../../../../arm-none-eabi/lib/thumb/v7-m\libm.a(lib_a-sf_pow.o) (__math_uflowf)
d:/ac6/systemworkbench/plugins/fr.ac6.mcu.externaltools.arm-none.win32_1.16.0.201807130628/tools/compiler/bin/../lib/gcc/arm-none-eabi/7.2.1/../../../../arm-none-eabi/lib/thumb/v7-m\libm.a(lib_a-sf_exp2_data.o)
                              d:/ac6/systemworkbench/plugins/fr.ac6.mcu.externaltools.arm-none.win32_1.16.0.201807130628/tools/compiler/bin/../lib/gcc/arm-none-eabi/7.2.1/../../../../arm-none-eabi/lib/thumb/v7-m\libm.a(lib_a-sf_pow.o) (__exp2f_data)
d:/ac6/systemworkbench/plugins/fr.ac6.mcu.externaltools.arm-none.win32_1.16.0.201807130628/tools/compiler/bin/../lib/gcc/arm-none-eabi/7.2.1/thumb/v7-m\libgcc.a(_arm_addsubdf3.o)
                              d:/ac6/systemworkbench/plugins/fr.ac6.mcu.externaltools.arm-none.win32_1.16.0.201807130628/tools/compiler/bin/../lib/gcc/arm-none-eabi/7.2.1/../../../../arm-none-eabi/lib/thumb/v7-m\libm.a(lib_a-sf_pow.o) (__aeabi_dsub)
d:/ac6/systemworkbench/plugins/fr.ac6.mcu.externaltools.arm-none.win32_1.16.0.201807130628/tools/compiler/bin/../lib/gcc/arm-none-eabi/7.2.1/thumb/v7-m\libgcc.a(_arm_muldivdf3.o)
                              d:/ac6/systemworkbench/plugins/fr.ac6.mcu.externaltools.arm-none.win32_1.16.0.201807130628/tools/compiler/bin/../lib/gcc/arm-none-eabi/7.2.1/../../../../arm-none-eabi/lib/thumb/v7-m\libm.a(lib_a-sf_pow.o) (__aeabi_dmul)
d:/ac6/systemworkbench/plugins/fr.ac6.mcu.externaltools.arm-none.win32_1.16.0.201807130628/tools/compiler/bin/../lib/gcc/arm-none-eabi/7.2.1/thumb/v7-m\libgcc.a(_arm_cmpdf2.o)
                              d:/ac6/systemworkbench/plugins/fr.ac6.mcu.externaltools.arm-none.win32_1.16.0.201807130628/tools/compiler/bin/../lib/gcc/arm-none-eabi/7.2.1/../../../../arm-none-eabi/lib/thumb/v7-m\libm.a(lib_a-sf_pow.o) (__aeabi_dcmplt)
d:/ac6/systemworkbench/plugins/fr.ac6.mcu.externaltools.arm-none.win32_1.16.0.201807130628/tools/compiler/bin/../lib/gcc/arm-none-eabi/7.2.1/thumb/v7-m\libgcc.a(_arm_truncdfsf2.o)
                              GPSTracker_Library/DB_GSM_SIM800.o (__aeabi_d2f)
d:/ac6/systemworkbench/plugins/fr.ac6.mcu.externaltools.arm-none.win32_1.16.0.201807130628/tools/compiler/bin/../lib/gcc/arm-none-eabi/7.2.1/thumb/v7-m\libgcc.a(_arm_addsubsf3.o)
                              GPSTracker_Library/DB_GSM_SIM800.o (__aeabi_fsub)
d:/ac6/systemworkbench/plugins/fr.ac6.mcu.externaltools.arm-none.win32_1.16.0.201807130628/tools/compiler/bin/../lib/gcc/arm-none-eabi/7.2.1/thumb/v7-m\libgcc.a(_arm_muldivsf3.o)
                              GPSTracker_Library/DB_GSM_SIM800.o (__aeabi_fmul)
d:/ac6/systemworkbench/plugins/fr.ac6.mcu.externaltools.arm-none.win32_1.16.0.201807130628/tools/compiler/bin/../lib/gcc/arm-none-eabi/7.2.1/thumb/v7-m\libgcc.a(_arm_unordsf2.o)
                              d:/ac6/systemworkbench/plugins/fr.ac6.mcu.externaltools.arm-none.win32_1.16.0.201807130628/tools/compiler/bin/../lib/gcc/arm-none-eabi/7.2.1/../../../../arm-none-eabi/lib/thumb/v7-m\libm.a(lib_a-math_errf.o) (__aeabi_fcmpun)
d:/ac6/systemworkbench/plugins/fr.ac6.mcu.externaltools.arm-none.win32_1.16.0.201807130628/tools/compiler/bin/../lib/gcc/arm-none-eabi/7.2.1/thumb/v7-m\libgcc.a(_arm_fixsfsi.o)
                              GPSTracker_Library/DB_GSM_SIM800.o (__aeabi_f2iz)
d:/ac6/systemworkbench/plugins/fr.ac6.mcu.externaltools.arm-none.win32_1.16.0.201807130628/tools/compiler/bin/../lib/gcc/arm-none-eabi/7.2.1/thumb/v7-m\libgcc.a(_fixunssfdi.o)
                              GPSTracker_Library/DB_RFM98W.o (__aeabi_f2ulz)
d:/ac6/systemworkbench/plugins/fr.ac6.mcu.externaltools.arm-none.win32_1.16.0.201807130628/tools/compiler/bin/../lib/gcc/arm-none-eabi/7.2.1/thumb/v7-m\libgcc.a(_arm_fixunsdfsi.o)
[...]
Memory Configuration

Name             Origin             Length             Attributes
RAM              0x20000000         0x00005000         xrw
FLASH            0x08000000         0x00010000         xr
*default*        0x00000000         0xffffffff

Linker script and memory map

LOAD d:/ac6/systemworkbench/plugins/fr.ac6.mcu.externaltools.arm-none.win32_1.16.0.201807130628/tools/compiler/bin/../lib/gcc/arm-none-eabi/7.2.1/thumb/v7-m/crti.o
LOAD d:/ac6/systemworkbench/plugins/fr.ac6.mcu.externaltools.arm-none.win32_1.16.0.201807130628/tools/compiler/bin/../lib/gcc/arm-none-eabi/7.2.1/thumb/v7-m/crtbegin.o
LOAD d:/ac6/systemworkbench/plugins/fr.ac6.mcu.externaltools.arm-none.win32_1.16.0.201807130628/tools/compiler/bin/../lib/gcc/arm-none-eabi/7.2.1/../../../../arm-none-eabi/lib/thumb/v7-m/crt0.o
LOAD Drivers/STM32F1xx_HAL_Driver/Src/stm32f1xx_hal.o
LOAD Drivers/STM32F1xx_HAL_Driver/Src/stm32f1xx_hal_cortex.o
LOAD Drivers/STM32F1xx_HAL_Driver/Src/stm32f1xx_hal_dma.o
LOAD Drivers/STM32F1xx_HAL_Driver/Src/stm32f1xx_hal_flash.o
LOAD Drivers/STM32F1xx_HAL_Driver/Src/stm32f1xx_hal_flash_ex.o
LOAD Drivers/STM32F1xx_HAL_Driver/Src/stm32f1xx_hal_gpio.o
LOAD Drivers/STM32F1xx_HAL_Driver/Src/stm32f1xx_hal_gpio_ex.o
LOAD Drivers/STM32F1xx_HAL_Driver/Src/stm32f1xx_hal_pwr.o
LOAD Drivers/STM32F1xx_HAL_Driver/Src/stm32f1xx_hal_rcc.o
LOAD Drivers/STM32F1xx_HAL_Driver/Src/stm32f1xx_hal_rcc_ex.o
LOAD Drivers/STM32F1xx_HAL_Driver/Src/stm32f1xx_hal_rtc.o
LOAD Drivers/STM32F1xx_HAL_Driver/Src/stm32f1xx_hal_rtc_ex.o
LOAD Drivers/STM32F1xx_HAL_Driver/Src/stm32f1xx_hal_spi.o
LOAD Drivers/STM32F1xx_HAL_Driver/Src/stm32f1xx_hal_spi_ex.o
LOAD Drivers/STM32F1xx_HAL_Driver/Src/stm32f1xx_hal_tim.o
LOAD Drivers/STM32F1xx_HAL_Driver/Src/stm32f1xx_hal_tim_ex.o
LOAD Drivers/STM32F1xx_HAL_Driver/Src/stm32f1xx_hal_uart.o
LOAD GPSTracker_Library/DB_GPS_NMEA_Simple.o
LOAD GPSTracker_Library/DB_GSM_SIM800.o
LOAD GPSTracker_Library/DB_RFM98W.o
LOAD GPSTracker_Library/DB_RFM98W_LoRa.o
LOAD GPSTracker_Library/DB_ring_buffer.o
LOAD GPSTracker_Library/DB_soft_timer.o
LOAD GPSTracker_Library/DB_string.o
LOAD MyTask/HalSystemCallback.o
LOAD MyTask/common_fun.o
LOAD Src/dma.o
LOAD Src/gpio.o
LOAD Src/main.o
LOAD Src/rtc.o
LOAD Src/spi.o
LOAD Src/stm32f1xx_hal_msp.o
LOAD Src/stm32f1xx_it.o
LOAD Src/system_stm32f1xx.o
LOAD Src/usart.o
LOAD startup/startup_stm32f103xb.o
LOAD d:/ac6/systemworkbench/plugins/fr.ac6.mcu.externaltools.arm-none.win32_1.16.0.201807130628/tools/compiler/bin/../lib/gcc/arm-none-eabi/7.2.1/../../../../arm-none-eabi/lib/thumb/v7-m\libm.a
START GROUP
LOAD d:/ac6/systemworkbench/plugins/fr.ac6.mcu.externaltools.arm-none.win32_1.16.0.201807130628/tools/compiler/bin/../lib/gcc/arm-none-eabi/7.2.1/thumb/v7-m\libgcc.a
LOAD d:/ac6/systemworkbench/plugins/fr.ac6.mcu.externaltools.arm-none.win32_1.16.0.201807130628/tools/compiler/bin/../lib/gcc/arm-none-eabi/7.2.1/../../../../arm-none-eabi/lib/thumb/v7-m\libc_nano.a
END GROUP
START GROUP
LOAD d:/ac6/systemworkbench/plugins/fr.ac6.mcu.externaltools.arm-none.win32_1.16.0.201807130628/tools/compiler/bin/../lib/gcc/arm-none-eabi/7.2.1/thumb/v7-m\libgcc.a
LOAD d:/ac6/systemworkbench/plugins/fr.ac6.mcu.externaltools.arm-none.win32_1.16.0.201807130628/tools/compiler/bin/../lib/gcc/arm-none-eabi/7.2.1/../../../../arm-none-eabi/lib/thumb/v7-m\libc_nano.a
LOAD d:/ac6/systemworkbench/plugins/fr.ac6.mcu.externaltools.arm-none.win32_1.16.0.201807130628/tools/compiler/bin/../lib/gcc/arm-none-eabi/7.2.1/../../../../arm-none-eabi/lib/thumb/v7-m\libnosys.a
END GROUP
START GROUP
LOAD d:/ac6/systemworkbench/plugins/fr.ac6.mcu.externaltools.arm-none.win32_1.16.0.201807130628/tools/compiler/bin/../lib/gcc/arm-none-eabi/7.2.1/thumb/v7-m\libgcc.a
LOAD d:/ac6/systemworkbench/plugins/fr.ac6.mcu.externaltools.arm-none.win32_1.16.0.201807130628/tools/compiler/bin/../lib/gcc/arm-none-eabi/7.2.1/../../../../arm-none-eabi/lib/thumb/v7-m\libc_nano.a
LOAD d:/ac6/systemworkbench/plugins/fr.ac6.mcu.externaltools.arm-none.win32_1.16.0.201807130628/tools/compiler/bin/../lib/gcc/arm-none-eabi/7.2.1/../../../../arm-none-eabi/lib/thumb/v7-m\libnosys.a
END GROUP
LOAD d:/ac6/systemworkbench/plugins/fr.ac6.mcu.externaltools.arm-none.win32_1.16.0.201807130628/tools/compiler/bin/../lib/gcc/arm-none-eabi/7.2.1/thumb/v7-m/crtend.o
LOAD d:/ac6/systemworkbench/plugins/fr.ac6.mcu.externaltools.arm-none.win32_1.16.0.201807130628/tools/compiler/bin/../lib/gcc/arm-none-eabi/7.2.1/thumb/v7-m/crtn.o
                0x20005000                _estack = 0x20005000
                0x00000200                _Min_Heap_Size = 0x200
                0x00000400                _Min_Stack_Size = 0x400

.isr_vector     0x08000000      0x10c
                0x08000000                . = ALIGN (0x4)
 *(.isr_vector)
 .isr_vector    0x08000000      0x10c startup/startup_stm32f103xb.o
                0x08000000                g_pfnVectors
                0x0800010c                . = ALIGN (0x4)

.text           0x0800010c     0x5c44
                0x0800010c                . = ALIGN (0x4)
 *(.text)
 .text          0x0800010c       0x40 d:/ac6/systemworkbench/plugins/fr.ac6.mcu.externaltools.arm-none.win32_1.16.0.201807130628/tools/compiler/bin/../lib/gcc/arm-none-eabi/7.2.1/thumb/v7-m/crtbegin.o
 .text          0x0800014c       0x10 d:/ac6/systemworkbench/plugins/fr.ac6.mcu.externaltools.arm-none.win32_1.16.0.201807130628/tools/compiler/bin/../lib/gcc/arm-none-eabi/7.2.1/../../../../arm-none-eabi/lib/thumb/v7-m\libc_nano.a(lib_a-strlen.o)
                0x0800014c                strlen
 *(.text*)
 .text.HAL_InitTick
                0x0800015c       0x44 Drivers/STM32F1xx_HAL_Driver/Src/stm32f1xx_hal.o
                0x0800015c                HAL_InitTick
 .text.HAL_Init
                0x080001a0       0x24 Drivers/STM32F1xx_HAL_Driver/Src/stm32f1xx_hal.o
                0x080001a0                HAL_Init
 .text.HAL_IncTick
                0x080001c4       0x18 Drivers/STM32F1xx_HAL_Driver/Src/stm32f1xx_hal.o
                0x080001c4                HAL_IncTick
 .text.HAL_GetTick
                0x080001dc        0xc Drivers/STM32F1xx_HAL_Driver/Src/stm32f1xx_hal.o
                0x080001dc                HAL_GetTick
 .text.HAL_Delay
                0x080001e8       0x24 Drivers/STM32F1xx_HAL_Driver/Src/stm32f1xx_hal.o
                0x080001e8                HAL_Delay
 .text.HAL_NVIC_SetPriorityGrouping
                0x0800020c       0x24 Drivers/STM32F1xx_HAL_Driver/Src/stm32f1xx_hal_cortex.o
                0x0800020c                HAL_NVIC_SetPriorityGrouping
 .text.HAL_NVIC_SetPriority
                0x08000230       0x6c Drivers/STM32F1xx_HAL_Driver/Src/stm32f1xx_hal_cortex.o
                0x08000230                HAL_NVIC_SetPriority
 .text.HAL_NVIC_EnableIRQ
                0x0800029c       0x18 Drivers/STM32F1xx_HAL_Driver/Src/stm32f1xx_hal_cortex.o
                0x0800029c                HAL_NVIC_EnableIRQ
 .text.HAL_SYSTICK_Config
                0x080002b4       0x30 Drivers/STM32F1xx_HAL_Driver/Src/stm32f1xx_hal_cortex.o
                0x080002b4                HAL_SYSTICK_Config
 .text.HAL_SYSTICK_CLKSourceConfig
                0x080002e4       0x18 Drivers/STM32F1xx_HAL_Driver/Src/stm32f1xx_hal_cortex.o
                0x080002e4                HAL_SYSTICK_CLKSourceConfig
 .text.HAL_SYSTICK_IRQHandler
                0x080002fc        0x8 Drivers/STM32F1xx_HAL_Driver/Src/stm32f1xx_hal_cortex.o
                0x080002fc                HAL_SYSTICK_IRQHandler
 .text.HAL_DMA_Init
                0x08000304       0x70 Drivers/STM32F1xx_HAL_Driver/Src/stm32f1xx_hal_dma.o
                0x08000304                HAL_DMA_Init
 .text.HAL_DMA_Start_IT
                0x08000374       0x88 Drivers/STM32F1xx_HAL_Driver/Src/stm32f1xx_hal_dma.o
                0x08000374                HAL_DMA_Start_IT
 .text.HAL_DMA_Abort_IT
                0x080003fc       0x98 Drivers/STM32F1xx_HAL_Driver/Src/stm32f1xx_hal_dma.o
                0x080003fc                HAL_DMA_Abort_IT
 .text.HAL_DMA_IRQHandler
                0x08000494      0x12c Drivers/STM32F1xx_HAL_Driver/Src/stm32f1xx_hal_dma.o
                0x08000494                HAL_DMA_IRQHandler
 .text.HAL_GPIO_Init
                0x080005c0      0x1e0 Drivers/STM32F1xx_HAL_Driver/Src/stm32f1xx_hal_gpio.o
                0x080005c0                HAL_GPIO_Init
 .text.HAL_GPIO_WritePin
                0x080007a0        0x8 Drivers/STM32F1xx_HAL_Driver/Src/stm32f1xx_hal_gpio.o
                0x080007a0                HAL_GPIO_WritePin
 .text.HAL_GPIO_TogglePin
                0x080007a8        0x8 Drivers/STM32F1xx_HAL_Driver/Src/stm32f1xx_hal_gpio.o
                0x080007a8                HAL_GPIO_TogglePin
 .text.PWR_OverloadWfe
                0x080007b0        0x8 Drivers/STM32F1xx_HAL_Driver/Src/stm32f1xx_hal_pwr.o
 .text.HAL_PWR_EnableBkUpAccess
                0x080007b8        0xc Drivers/STM32F1xx_HAL_Driver/Src/stm32f1xx_hal_pwr.o
                0x080007b8                HAL_PWR_EnableBkUpAccess
 .text.HAL_PWR_EnterSTOPMode
                0x080007c4       0x48 Drivers/STM32F1xx_HAL_Driver/Src/stm32f1xx_hal_pwr.o
                0x080007c4                HAL_PWR_EnterSTOPMode
 .text.HAL_RCC_OscConfig
                0x0800080c      0x3d0 Drivers/STM32F1xx_HAL_Driver/Src/stm32f1xx_hal_rcc.o
                0x0800080c                HAL_RCC_OscConfig
 .text.HAL_RCC_ClockConfig
                0x08000bdc      0x1ac Drivers/STM32F1xx_HAL_Driver/Src/stm32f1xx_hal_rcc.o
                0x08000bdc                HAL_RCC_ClockConfig
 .text.HAL_RCC_GetHCLKFreq
                0x08000d88        0xc Drivers/STM32F1xx_HAL_Driver/Src/stm32f1xx_hal_rcc.o
                0x08000d88                HAL_RCC_GetHCLKFreq
 .text.HAL_RCC_GetPCLK1Freq
                0x08000d94       0x20 Drivers/STM32F1xx_HAL_Driver/Src/stm32f1xx_hal_rcc.o
                0x08000d94                HAL_RCC_GetPCLK1Freq
 .text.HAL_RCC_GetPCLK2Freq
                0x08000db4       0x20 Drivers/STM32F1xx_HAL_Driver/Src/stm32f1xx_hal_rcc.o
                0x08000db4                HAL_RCC_GetPCLK2Freq
 .text.HAL_RCCEx_PeriphCLKConfig
                0x08000dd4      0x104 Drivers/STM32F1xx_HAL_Driver/Src/stm32f1xx_hal_rcc_ex.o
                0x08000dd4                HAL_RCCEx_PeriphCLKConfig
 .text.HAL_RCCEx_GetPeriphCLKFreq
                0x08000ed8       0xf0 Drivers/STM32F1xx_HAL_Driver/Src/stm32f1xx_hal_rcc_ex.o
                0x08000ed8                HAL_RCCEx_GetPeriphCLKFreq
 .text.HAL_RTC_Init
                0x08000fc8       0xfc Drivers/STM32F1xx_HAL_Driver/Src/stm32f1xx_hal_rtc.o
                0x08000fc8                HAL_RTC_Init
 .text.HAL_RTC_SetTime
                0x080010c4      0x158 Drivers/STM32F1xx_HAL_Driver/Src/stm32f1xx_hal_rtc.o
                0x080010c4                HAL_RTC_SetTime
 .text.HAL_RTC_GetTime
                0x0800121c      0x590 Drivers/STM32F1xx_HAL_Driver/Src/stm32f1xx_hal_rtc.o
                0x0800121c                HAL_RTC_GetTime
 .text.HAL_RTC_SetDate
                0x080017ac      0x1fc Drivers/STM32F1xx_HAL_Driver/Src/stm32f1xx_hal_rtc.o
                0x080017ac                HAL_RTC_SetDate
 .text.HAL_RTC_SetAlarm_IT
                0x080019a8      0x630 Drivers/STM32F1xx_HAL_Driver/Src/stm32f1xx_hal_rtc.o
                0x080019a8                HAL_RTC_SetAlarm_IT
 .text.HAL_RTC_AlarmAEventCallback
                0x08001fd8        0x4 Drivers/STM32F1xx_HAL_Driver/Src/stm32f1xx_hal_rtc.o
                0x08001fd8                HAL_RTC_AlarmAEventCallback
 .text.HAL_RTC_AlarmIRQHandler
                0x08001fdc       0x34 Drivers/STM32F1xx_HAL_Driver/Src/stm32f1xx_hal_rtc.o
                0x08001fdc                HAL_RTC_AlarmIRQHandler
 .text.HAL_SPI_TransmitReceive
                0x08002010      0x368 Drivers/STM32F1xx_HAL_Driver/Src/stm32f1xx_hal_spi.o
                0x08002010                HAL_SPI_TransmitReceive
 .text.HAL_SPI_Init
                0x08002378       0x7c Drivers/STM32F1xx_HAL_Driver/Src/stm32f1xx_hal_spi_ex.o
                0x08002378                HAL_SPI_Init
 .text.HAL_UART_Init
                0x080023f4      0x1c8 Drivers/STM32F1xx_HAL_Driver/Src/stm32f1xx_hal_uart.o
                0x080023f4                HAL_UART_Init
 .text.HAL_UART_Transmit
                0x080025bc      0x114 Drivers/STM32F1xx_HAL_Driver/Src/stm32f1xx_hal_uart.o
                0x080025bc                HAL_UART_Transmit
 .text.HAL_UART_Receive_DMA
                0x080026d0       0x98 Drivers/STM32F1xx_HAL_Driver/Src/stm32f1xx_hal_uart.o
                0x080026d0                HAL_UART_Receive_DMA
 .text.UART_DMAReceiveCplt
                0x08002768       0x38 Drivers/STM32F1xx_HAL_Driver/Src/stm32f1xx_hal_uart.o
 .text.UART_Receive_IT.part.1
                0x080027a0       0x6c Drivers/STM32F1xx_HAL_Driver/Src/stm32f1xx_hal_uart.o
 .text.HAL_UART_RxHalfCpltCallback
                0x0800280c        0x4 Drivers/STM32F1xx_HAL_Driver/Src/stm32f1xx_hal_uart.o
                0x0800280c                HAL_UART_RxHalfCpltCallback
 .text.UART_DMARxHalfCplt
                0x08002810        0xc Drivers/STM32F1xx_HAL_Driver/Src/stm32f1xx_hal_uart.o
 .text.UART_DMAError
                0x0800281c       0x64 Drivers/STM32F1xx_HAL_Driver/Src/stm32f1xx_hal_uart.o
 .text.HAL_UART_IRQHandler
                0x08002880      0x184 Drivers/STM32F1xx_HAL_Driver/Src/stm32f1xx_hal_uart.o
                0x08002880                HAL_UART_IRQHandler
 .text.UART_DMAAbortOnError
                0x08002a04       0x14 Drivers/STM32F1xx_HAL_Driver/Src/stm32f1xx_hal_uart.o
 .text.GPS_NMEA_init_simple
                0x08002a18       0x10 GPSTracker_Library/DB_GPS_NMEA_Simple.o
                0x08002a18                GPS_NMEA_init_simple
 .text.RFM98W_LoRa_vConfig
                0x08002a28     0x12f4 GPSTracker_Library/DB_RFM98W_LoRa.o
                0x08002a28                RFM98W_LoRa_vConfig
 .text.RFM98W_LoRa_init
                0x08003d1c      0x2a4 GPSTracker_Library/DB_RFM98W_LoRa.o
                0x08003d1c                RFM98W_LoRa_init
 .text.RFM98W_LoRa_bSendMessage
                0x08003fc0      0x6ac GPSTracker_Library/DB_RFM98W_LoRa.o
                0x08003fc0                RFM98W_LoRa_bSendMessage
 .text.RFM98W_LoRa_ReadRegister
                0x0800466c       0x68 GPSTracker_Library/DB_RFM98W_LoRa.o
                0x0800466c                RFM98W_LoRa_ReadRegister
 .text.ringBuffer_init_DMA
                0x080046d4       0x28 GPSTracker_Library/DB_ring_buffer.o
                0x080046d4                ringBuffer_init_DMA
 .text.ringBuffer_readBytes
                0x080046fc       0x68 GPSTracker_Library/DB_ring_buffer.o
                0x080046fc                ringBuffer_readBytes
 .text.ringBuffer_checkAvailable
                0x08004764       0x24 GPSTracker_Library/DB_ring_buffer.o
                0x08004764                ringBuffer_checkAvailable
 .text.ringBuffer_flush
                0x08004788       0x14 GPSTracker_Library/DB_ring_buffer.o
                0x08004788                ringBuffer_flush
 .text.soft_timer_handler
                0x0800479c       0x30 GPSTracker_Library/DB_soft_timer.o
                0x0800479c                soft_timer_handler
 .text.HAL_SYSTICK_Callback
                0x080047cc        0xc MyTask/HalSystemCallback.o
                0x080047cc                HAL_SYSTICK_Callback
 .text.HAL_UART_TxCpltCallback
                0x080047d8       0x34 MyTask/HalSystemCallback.o
                0x080047d8                HAL_UART_TxCpltCallback
 .text.HAL_UART_RxCpltCallback
                0x0800480c       0x34 MyTask/HalSystemCallback.o
                0x0800480c                HAL_UART_RxCpltCallback
 .text.HAL_UART_ErrorCallback
                0x08004840       0x98 MyTask/HalSystemCallback.o
                0x08004840                HAL_UART_ErrorCallback
 .text.LoRa_Panic
                0x080048d8       0xa8 MyTask/common_fun.o
                0x080048d8                LoRa_Panic
 .text.RTC_WakeUp
                0x08004980       0x28 MyTask/common_fun.o
                0x08004980                RTC_WakeUp
 .text.RTC_GoSleep
                0x080049a8       0xa0 MyTask/common_fun.o
                0x080049a8                RTC_GoSleep
 .text.GPS_GSM_Tracker_init
                0x08004a48       0x68 MyTask/common_fun.o
                0x08004a48                GPS_GSM_Tracker_init
 .text.GPRS_Command
                0x08004ab0       0x88 MyTask/common_fun.o
                0x08004ab0                GPRS_Command
 .text.GPRS_Task
                0x08004b38      0x4e0 MyTask/common_fun.o
                0x08004b38                GPRS_Task
 .text.DBG_PRINT
                0x08005018       0x48 MyTask/common_fun.o
                0x08005018                DBG_PRINT
 .text.ParseSMS
                0x08005060      0x240 MyTask/common_fun.o
                0x08005060                ParseSMS
 .text.GPS_GSM_TrackerTask
                0x080052a0      0x240 MyTask/common_fun.o
                0x080052a0                GPS_GSM_TrackerTask
 .text.MX_DMA_Init
                0x080054e0       0x44 Src/dma.o
                0x080054e0                MX_DMA_Init
 .text.MX_GPIO_Init
                0x08005524      0x144 Src/gpio.o
                0x08005524                MX_GPIO_Init
 .text.SystemClock_Config
                0x08005668       0x74 Src/main.o
                0x08005668                SystemClock_Config
 .text.startup.main
                0x080056dc       0x48 Src/main.o
                0x080056dc                main
 .text._Error_Handler
                0x08005724        0x4 Src/main.o
                0x08005724                _Error_Handler
 .text.MX_RTC_Init
                0x08005728       0x78 Src/rtc.o
                0x08005728                MX_RTC_Init
 .text.HAL_RTC_MspInit
                0x080057a0       0x50 Src/rtc.o
                0x080057a0                HAL_RTC_MspInit
 .text.MX_SPI2_Init
                0x080057f0       0x4c Src/spi.o
                0x080057f0                MX_SPI2_Init
 .text.HAL_SPI_MspInit
                0x0800583c       0x5c Src/spi.o
                0x0800583c                HAL_SPI_MspInit
 .text.HAL_MspInit
                0x08005898       0xa0 Src/stm32f1xx_hal_msp.o
                0x08005898                HAL_MspInit
 .text.NMI_Handler
                0x08005938        0x4 Src/stm32f1xx_it.o
                0x08005938                NMI_Handler
 .text.HardFault_Handler
                0x0800593c       0x1c Src/stm32f1xx_it.o
                0x0800593c                HardFault_Handler
 .text.MemManage_Handler
                0x08005958        0x4 Src/stm32f1xx_it.o
                0x08005958                MemManage_Handler
 .text.BusFault_Handler
                0x0800595c        0x4 Src/stm32f1xx_it.o
                0x0800595c                BusFault_Handler
 .text.UsageFault_Handler
                0x08005960        0x4 Src/stm32f1xx_it.o
                0x08005960                UsageFault_Handler
 .text.SVC_Handler
                0x08005964        0x4 Src/stm32f1xx_it.o
                0x08005964                SVC_Handler
 .text.DebugMon_Handler
                0x08005968        0x4 Src/stm32f1xx_it.o
                0x08005968                DebugMon_Handler
 .text.PendSV_Handler
                0x0800596c        0x4 Src/stm32f1xx_it.o
                0x0800596c                PendSV_Handler
 .text.SysTick_Handler
                0x08005970       0x10 Src/stm32f1xx_it.o
                0x08005970                SysTick_Handler
 .text.DMA1_Channel3_IRQHandler
                0x08005980        0xc Src/stm32f1xx_it.o
                0x08005980                DMA1_Channel3_IRQHandler
 .text.DMA1_Channel6_IRQHandler
                0x0800598c        0xc Src/stm32f1xx_it.o
                0x0800598c                DMA1_Channel6_IRQHandler
 .text.USART2_IRQHandler
                0x08005998        0xc Src/stm32f1xx_it.o
                0x08005998                USART2_IRQHandler
 .text.USART3_IRQHandler
                0x080059a4        0xc Src/stm32f1xx_it.o
                0x080059a4                USART3_IRQHandler
 .text.RTC_Alarm_IRQHandler
                0x080059b0        0xc Src/stm32f1xx_it.o
                0x080059b0                RTC_Alarm_IRQHandler
 .text.SystemInit
                0x080059bc       0x50 Src/system_stm32f1xx.o
                0x080059bc                SystemInit
 .text.MX_USART2_UART_Init
                0x08005a0c       0x40 Src/usart.o
                0x08005a0c                MX_USART2_UART_Init
 .text.MX_USART3_UART_Init
                0x08005a4c       0x40 Src/usart.o
                0x08005a4c                MX_USART3_UART_Init
 .text.HAL_UART_MspInit
                0x08005a8c      0x13c Src/usart.o
                0x08005a8c                HAL_UART_MspInit
 .text.Reset_Handler
                0x08005bc8       0x48 startup/startup_stm32f103xb.o
                0x08005bc8                Reset_Handler
 .text.Default_Handler
                0x08005c10        0x2 startup/startup_stm32f103xb.o
                0x08005c10                EXTI2_IRQHandler
                0x08005c10                TIM1_CC_IRQHandler
                0x08005c10                PVD_IRQHandler
                0x08005c10                EXTI3_IRQHandler
                0x08005c10                EXTI0_IRQHandler
                0x08005c10                I2C2_EV_IRQHandler
                0x08005c10                ADC1_2_IRQHandler
                0x08005c10                SPI1_IRQHandler
                0x08005c10                TAMPER_IRQHandler
                0x08005c10                DMA1_Channel4_IRQHandler
                0x08005c10                RTC_IRQHandler
                0x08005c10                DMA1_Channel7_IRQHandler
                0x08005c10                CAN1_RX1_IRQHandler
                0x08005c10                TIM4_IRQHandler
                0x08005c10                I2C1_EV_IRQHandler
                0x08005c10                TIM3_IRQHandler
                0x08005c10                RCC_IRQHandler
                0x08005c10                TIM1_TRG_COM_IRQHandler
                0x08005c10                DMA1_Channel1_IRQHandler
                0x08005c10                Default_Handler
                0x08005c10                EXTI15_10_IRQHandler
                0x08005c10                EXTI9_5_IRQHandler
                0x08005c10                SPI2_IRQHandler
                0x08005c10                DMA1_Channel5_IRQHandler
                0x08005c10                EXTI4_IRQHandler
                0x08005c10                USB_LP_CAN1_RX0_IRQHandler
                0x08005c10                USB_HP_CAN1_TX_IRQHandler
                0x08005c10                TIM1_UP_IRQHandler
                0x08005c10                WWDG_IRQHandler
                0x08005c10                TIM2_IRQHandler
                0x08005c10                TIM1_BRK_IRQHandler
                0x08005c10                EXTI1_IRQHandler
                0x08005c10                I2C2_ER_IRQHandler
                0x08005c10                DMA1_Channel2_IRQHandler
                0x08005c10                CAN1_SCE_IRQHandler
                0x08005c10                FLASH_IRQHandler
                0x08005c10                USART1_IRQHandler
                0x08005c10                I2C1_ER_IRQHandler
                0x08005c10                USBWakeUp_IRQHandler
 *fill*         0x08005c12        0x2 
 .text.__libc_init_array
                0x08005c14       0x48 d:/ac6/systemworkbench/plugins/fr.ac6.mcu.externaltools.arm-none.win32_1.16.0.201807130628/tools/compiler/bin/../lib/gcc/arm-none-eabi/7.2.1/../../../../arm-none-eabi/lib/thumb/v7-m\libc_nano.a(lib_a-init.o)
                0x08005c14                __libc_init_array
 .text.memcmp   0x08005c5c       0x1e d:/ac6/systemworkbench/plugins/fr.ac6.mcu.externaltools.arm-none.win32_1.16.0.201807130628/tools/compiler/bin/../lib/gcc/arm-none-eabi/7.2.1/../../../../arm-none-eabi/lib/thumb/v7-m\libc_nano.a(lib_a-memcmp.o)
                0x08005c5c                memcmp
 .text.memset   0x08005c7a       0x10 d:/ac6/systemworkbench/plugins/fr.ac6.mcu.externaltools.arm-none.win32_1.16.0.201807130628/tools/compiler/bin/../lib/gcc/arm-none-eabi/7.2.1/../../../../arm-none-eabi/lib/thumb/v7-m\libc_nano.a(lib_a-memset.o)
                0x08005c7a                memset
 .text.strchr   0x08005c8a       0x1a d:/ac6/systemworkbench/plugins/fr.ac6.mcu.externaltools.arm-none.win32_1.16.0.201807130628/tools/compiler/bin/../lib/gcc/arm-none-eabi/7.2.1/../../../../arm-none-eabi/lib/thumb/v7-m\libc_nano.a(lib_a-strchr.o)
                0x08005c8a                strchr
 .text.strcpy   0x08005ca4       0x10 d:/ac6/systemworkbench/plugins/fr.ac6.mcu.externaltools.arm-none.win32_1.16.0.201807130628/tools/compiler/bin/../lib/gcc/arm-none-eabi/7.2.1/../../../../arm-none-eabi/lib/thumb/v7-m\libc_nano.a(lib_a-strcpy.o)
                0x08005ca4                strcpy
 .text.strncmp  0x08005cb4       0x24 d:/ac6/systemworkbench/plugins/fr.ac6.mcu.externaltools.arm-none.win32_1.16.0.201807130628/tools/compiler/bin/../lib/gcc/arm-none-eabi/7.2.1/../../../../arm-none-eabi/lib/thumb/v7-m\libc_nano.a(lib_a-strncmp.o)
                0x08005cb4                strncmp
 .text.strncpy  0x08005cd8       0x2a d:/ac6/systemworkbench/plugins/fr.ac6.mcu.externaltools.arm-none.win32_1.16.0.201807130628/tools/compiler/bin/../lib/gcc/arm-none-eabi/7.2.1/../../../../arm-none-eabi/lib/thumb/v7-m\libc_nano.a(lib_a-strncpy.o)
                0x08005cd8                strncpy
 .text.strstr   0x08005d02       0x34 d:/ac6/systemworkbench/plugins/fr.ac6.mcu.externaltools.arm-none.win32_1.16.0.201807130628/tools/compiler/bin/../lib/gcc/arm-none-eabi/7.2.1/../../../../arm-none-eabi/lib/thumb/v7-m\libc_nano.a(lib_a-strstr.o)
                0x08005d02                strstr
 *(.glue_7)
 .glue_7        0x08005d36        0x0 linker stubs
 *(.glue_7t)
 .glue_7t       0x08005d36        0x0 linker stubs
 *(.eh_frame)
 *fill*         0x08005d36        0x2 
 .eh_frame      0x08005d38        0x0 d:/ac6/systemworkbench/plugins/fr.ac6.mcu.externaltools.arm-none.win32_1.16.0.201807130628/tools/compiler/bin/../lib/gcc/arm-none-eabi/7.2.1/thumb/v7-m/crtbegin.o
 *(.init)
 .init          0x08005d38        0x4 d:/ac6/systemworkbench/plugins/fr.ac6.mcu.externaltools.arm-none.win32_1.16.0.201807130628/tools/compiler/bin/../lib/gcc/arm-none-eabi/7.2.1/thumb/v7-m/crti.o
                0x08005d38                _init
 .init          0x08005d3c        0x8 d:/ac6/systemworkbench/plugins/fr.ac6.mcu.externaltools.arm-none.win32_1.16.0.201807130628/tools/compiler/bin/../lib/gcc/arm-none-eabi/7.2.1/thumb/v7-m/crtn.o
 *(.fini)
 .fini          0x08005d44        0x4 d:/ac6/systemworkbench/plugins/fr.ac6.mcu.externaltools.arm-none.win32_1.16.0.201807130628/tools/compiler/bin/../lib/gcc/arm-none-eabi/7.2.1/thumb/v7-m/crti.o
                0x08005d44                _fini
 .fini          0x08005d48        0x8 d:/ac6/systemworkbench/plugins/fr.ac6.mcu.externaltools.arm-none.win32_1.16.0.201807130628/tools/compiler/bin/../lib/gcc/arm-none-eabi/7.2.1/thumb/v7-m/crtn.o
                0x08005d50                . = ALIGN (0x4)
                0x08005d50                _etext = .

.vfp11_veneer   0x08005d50        0x0
 .vfp11_veneer  0x08005d50        0x0 linker stubs

.v4_bx          0x08005d50        0x0
 .v4_bx         0x08005d50        0x0 linker stubs

.iplt           0x08005d50        0x0
 .iplt          0x08005d50        0x0 d:/ac6/systemworkbench/plugins/fr.ac6.mcu.externaltools.arm-none.win32_1.16.0.201807130628/tools/compiler/bin/../lib/gcc/arm-none-eabi/7.2.1/thumb/v7-m/crtbegin.o

.rodata         0x08005d50      0x25c
                0x08005d50                . = ALIGN (0x4)
 *(.rodata)
 .rodata        0x08005d50       0x10 Drivers/STM32F1xx_HAL_Driver/Src/stm32f1xx_hal_rcc.o
 .rodata        0x08005d60       0x10 Drivers/STM32F1xx_HAL_Driver/Src/stm32f1xx_hal_rcc_ex.o
 .rodata        0x08005d70       0x18 Src/system_stm32f1xx.o
                0x08005d70                AHBPrescTable
                0x08005d80                APBPrescTable
 *(.rodata*)
 .rodata.str1.4
                0x08005d88      0x1f1 MyTask/common_fun.o
                                0x1f9 (size before relaxing)
 *fill*         0x08005f79        0x3 
 .rodata.str1.4
                0x08005f7c        0xd Src/rtc.o
 *fill*         0x08005f89        0x3 
 .rodata.str1.4
                0x08005f8c        0xd Src/spi.o
 *fill*         0x08005f99        0x3 
 .rodata.str1.4
                0x08005f9c       0x10 Src/usart.o
                                  0xf (size before relaxing)
                0x08005fac                . = ALIGN (0x4)

.rel.dyn        0x08005fac        0x0
 .rel.iplt      0x08005fac        0x0 d:/ac6/systemworkbench/plugins/fr.ac6.mcu.externaltools.arm-none.win32_1.16.0.201807130628/tools/compiler/bin/../lib/gcc/arm-none-eabi/7.2.1/thumb/v7-m/crtbegin.o

.ARM.extab
 *(.ARM.extab* .gnu.linkonce.armextab.*)

.ARM            0x08005fac        0x0
                0x08005fac                __exidx_start = .
 *(.ARM.exidx*)
                0x08005fac                __exidx_end = .

.preinit_array  0x08005fac        0x0
                0x08005fac                PROVIDE (__preinit_array_start, .)
 *(.preinit_array*)
                0x08005fac                PROVIDE (__preinit_array_end, .)

.init_array     0x08005fac        0x4
                0x08005fac                PROVIDE (__init_array_start, .)
 *(SORT_BY_NAME(.init_array.*))
 *(.init_array*)
 .init_array    0x08005fac        0x4 d:/ac6/systemworkbench/plugins/fr.ac6.mcu.externaltools.arm-none.win32_1.16.0.201807130628/tools/compiler/bin/../lib/gcc/arm-none-eabi/7.2.1/thumb/v7-m/crtbegin.o
                0x08005fb0                PROVIDE (__init_array_end, .)

.fini_array     0x08005fb0        0x4
                [!provide]                PROVIDE (__fini_array_start, .)
 *(SORT_BY_NAME(.fini_array.*))
 *(.fini_array*)
 .fini_array    0x08005fb0        0x4 d:/ac6/systemworkbench/plugins/fr.ac6.mcu.externaltools.arm-none.win32_1.16.0.201807130628/tools/compiler/bin/../lib/gcc/arm-none-eabi/7.2.1/thumb/v7-m/crtbegin.o
                [!provide]                PROVIDE (__fini_array_end, .)
                0x08005fb4                _sidata = LOADADDR (.data)

.data           0x20000000        0xc load address 0x08005fb4
                0x20000000                . = ALIGN (0x4)
                0x20000000                _sdata = .
 *(.data)
 .data          0x20000000        0x8 Drivers/STM32F1xx_HAL_Driver/Src/stm32f1xx_hal.o
                0x20000000                uwTickFreq
                0x20000004                uwTickPrio
 .data          0x20000008        0x4 Src/system_stm32f1xx.o
                0x20000008                SystemCoreClock
 *(.data*)
                0x2000000c                . = ALIGN (0x4)
                0x2000000c                _edata = .

.igot.plt       0x2000000c        0x0 load address 0x08005fc0
 .igot.plt      0x2000000c        0x0 d:/ac6/systemworkbench/plugins/fr.ac6.mcu.externaltools.arm-none.win32_1.16.0.201807130628/tools/compiler/bin/../lib/gcc/arm-none-eabi/7.2.1/thumb/v7-m/crtbegin.o
                0x2000000c                . = ALIGN (0x4)

.bss            0x2000000c      0xb34 load address 0x08005fc0
                0x2000000c                _sbss = .
                0x2000000c                __bss_start__ = _sbss
 *(.bss)
 .bss           0x2000000c       0x1c d:/ac6/systemworkbench/plugins/fr.ac6.mcu.externaltools.arm-none.win32_1.16.0.201807130628/tools/compiler/bin/../lib/gcc/arm-none-eabi/7.2.1/thumb/v7-m/crtbegin.o
 .bss           0x20000028       0x14 GPSTracker_Library/DB_RFM98W_LoRa.o
 .bss           0x2000003c        0x1 GPSTracker_Library/DB_soft_timer.o
 *fill*         0x2000003d        0x3 
 .bss           0x20000040      0x27d MyTask/common_fun.o
                0x200002b8                FrequencyOffset
                0x200002bc                gpsRead_flag
 *(.bss*)
 *(COMMON)
 *fill*         0x200002bd        0x3 
 COMMON         0x200002c0        0x4 Drivers/STM32F1xx_HAL_Driver/Src/stm32f1xx_hal.o
                0x200002c0                uwTick
 COMMON         0x200002c4      0x708 MyTask/common_fun.o
                0x200002c4                rfm98RegTable
                0x200002d4                gsm_data
                0x200002dc                uart2_buffer_gps
                0x200005f0                Backup
                0x200005f4                rfmRegAddress
                0x200005f8                soft_timer
                0x200005fc                gps_data
                0x200006b4                RFM98_data
                0x200006b8                uart3_buffer_gsm
 COMMON         0x200009cc       0x14 Src/rtc.o
                0x200009cc                hrtc
 COMMON         0x200009e0       0x58 Src/spi.o
                0x200009e0                hspi2
 COMMON         0x20000a38      0x108 Src/usart.o
                0x20000a38                hdma_usart2_rx
                0x20000a7c                hdma_usart3_rx
                0x20000ac0                huart3
                0x20000b00                huart2
                0x20000b40                . = ALIGN (0x4)
                0x20000b40                _ebss = .
                0x20000b40                __bss_end__ = _ebss

._user_heap_stack
                0x20000b40      0x600 load address 0x08005fc0
                0x20000b40                . = ALIGN (0x8)
                0x20000b40                PROVIDE (end, .)
                [!provide]                PROVIDE (_end, .)
                0x20000d40                . = (. + _Min_Heap_Size)
 *fill*         0x20000b40      0x200 
                0x20001140                . = (. + _Min_Stack_Size)
 *fill*         0x20000d40      0x400 
                0x20001140                . = ALIGN (0x8)

/DISCARD/
 libc.a(*)
 libm.a(*)
 libgcc.a(*)

.ARM.attributes
                0x00000000       0x29
 *(.ARM.attributes)
 .ARM.attributes
                0x00000000       0x1d d:/ac6/systemworkbench/plugins/fr.ac6.mcu.externaltools.arm-none.win32_1.16.0.201807130628/tools/compiler/bin/../lib/gcc/arm-none-eabi/7.2.1/thumb/v7-m/crti.o
 .ARM.attributes
                0x0000001d       0x2d d:/ac6/systemworkbench/plugins/fr.ac6.mcu.externaltools.arm-none.win32_1.16.0.201807130628/tools/compiler/bin/../lib/gcc/arm-none-eabi/7.2.1/thumb/v7-m/crtbegin.o
 .ARM.attributes
                0x0000004a       0x33 Drivers/STM32F1xx_HAL_Driver/Src/stm32f1xx_hal.o
 .ARM.attributes
                0x0000007d       0x33 Drivers/STM32F1xx_HAL_Driver/Src/stm32f1xx_hal_cortex.o
 .ARM.attributes
                0x000000b0       0x33 Drivers/STM32F1xx_HAL_Driver/Src/stm32f1xx_hal_dma.o
 .ARM.attributes
                0x000000e3       0x33 Drivers/STM32F1xx_HAL_Driver/Src/stm32f1xx_hal_gpio.o
 .ARM.attributes
                0x00000116       0x33 Drivers/STM32F1xx_HAL_Driver/Src/stm32f1xx_hal_pwr.o
 .ARM.attributes
                0x00000149       0x33 Drivers/STM32F1xx_HAL_Driver/Src/stm32f1xx_hal_rcc.o
 .ARM.attributes
                0x0000017c       0x33 Drivers/STM32F1xx_HAL_Driver/Src/stm32f1xx_hal_rcc_ex.o
 .ARM.attributes
                0x000001af       0x33 Drivers/STM32F1xx_HAL_Driver/Src/stm32f1xx_hal_rtc.o
 .ARM.attributes
                0x000001e2       0x33 Drivers/STM32F1xx_HAL_Driver/Src/stm32f1xx_hal_spi.o
 .ARM.attributes
                0x00000215       0x33 Drivers/STM32F1xx_HAL_Driver/Src/stm32f1xx_hal_spi_ex.o
 .ARM.attributes
                0x00000248       0x33 Drivers/STM32F1xx_HAL_Driver/Src/stm32f1xx_hal_uart.o
 .ARM.attributes
                0x0000027b       0x33 GPSTracker_Library/DB_GPS_NMEA_Simple.o
 .ARM.attributes
                0x000002ae       0x33 GPSTracker_Library/DB_RFM98W_LoRa.o
 .ARM.attributes
                0x000002e1       0x33 GPSTracker_Library/DB_ring_buffer.o
 .ARM.attributes
                0x00000314       0x33 GPSTracker_Library/DB_soft_timer.o
 .ARM.attributes
                0x00000347       0x33 MyTask/HalSystemCallback.o
 .ARM.attributes
                0x0000037a       0x33 MyTask/common_fun.o
 .ARM.attributes
                0x000003ad       0x33 Src/dma.o
 .ARM.attributes
                0x000003e0       0x33 Src/gpio.o
 .ARM.attributes
                0x00000413       0x33 Src/main.o
 .ARM.attributes
                0x00000446       0x33 Src/rtc.o
 .ARM.attributes
                0x00000479       0x33 Src/spi.o
 .ARM.attributes
                0x000004ac       0x33 Src/stm32f1xx_hal_msp.o
 .ARM.attributes
                0x000004df       0x33 Src/stm32f1xx_it.o
 .ARM.attributes
                0x00000512       0x33 Src/system_stm32f1xx.o
 .ARM.attributes
                0x00000545       0x33 Src/usart.o
 .ARM.attributes
                0x00000578       0x21 startup/startup_stm32f103xb.o
 .ARM.attributes
                0x00000599       0x2d d:/ac6/systemworkbench/plugins/fr.ac6.mcu.externaltools.arm-none.win32_1.16.0.201807130628/tools/compiler/bin/../lib/gcc/arm-none-eabi/7.2.1/../../../../arm-none-eabi/lib/thumb/v7-m\libc_nano.a(lib_a-init.o)
 .ARM.attributes
                0x000005c6       0x2d d:/ac6/systemworkbench/plugins/fr.ac6.mcu.externaltools.arm-none.win32_1.16.0.201807130628/tools/compiler/bin/../lib/gcc/arm-none-eabi/7.2.1/../../../../arm-none-eabi/lib/thumb/v7-m\libc_nano.a(lib_a-memcmp.o)
 .ARM.attributes
                0x000005f3       0x2d d:/ac6/systemworkbench/plugins/fr.ac6.mcu.externaltools.arm-none.win32_1.16.0.201807130628/tools/compiler/bin/../lib/gcc/arm-none-eabi/7.2.1/../../../../arm-none-eabi/lib/thumb/v7-m\libc_nano.a(lib_a-memset.o)
 .ARM.attributes
                0x00000620       0x2d d:/ac6/systemworkbench/plugins/fr.ac6.mcu.externaltools.arm-none.win32_1.16.0.201807130628/tools/compiler/bin/../lib/gcc/arm-none-eabi/7.2.1/../../../../arm-none-eabi/lib/thumb/v7-m\libc_nano.a(lib_a-strchr.o)
 .ARM.attributes
                0x0000064d       0x2d d:/ac6/systemworkbench/plugins/fr.ac6.mcu.externaltools.arm-none.win32_1.16.0.201807130628/tools/compiler/bin/../lib/gcc/arm-none-eabi/7.2.1/../../../../arm-none-eabi/lib/thumb/v7-m\libc_nano.a(lib_a-strcpy.o)
 .ARM.attributes
                0x0000067a       0x17 d:/ac6/systemworkbench/plugins/fr.ac6.mcu.externaltools.arm-none.win32_1.16.0.201807130628/tools/compiler/bin/../lib/gcc/arm-none-eabi/7.2.1/../../../../arm-none-eabi/lib/thumb/v7-m\libc_nano.a(lib_a-strlen.o)
 .ARM.attributes
                0x00000691       0x2d d:/ac6/systemworkbench/plugins/fr.ac6.mcu.externaltools.arm-none.win32_1.16.0.201807130628/tools/compiler/bin/../lib/gcc/arm-none-eabi/7.2.1/../../../../arm-none-eabi/lib/thumb/v7-m\libc_nano.a(lib_a-strncmp.o)
 .ARM.attributes
                0x000006be       0x2d d:/ac6/systemworkbench/plugins/fr.ac6.mcu.externaltools.arm-none.win32_1.16.0.201807130628/tools/compiler/bin/../lib/gcc/arm-none-eabi/7.2.1/../../../../arm-none-eabi/lib/thumb/v7-m\libc_nano.a(lib_a-strncpy.o)
 .ARM.attributes
                0x000006eb       0x2d d:/ac6/systemworkbench/plugins/fr.ac6.mcu.externaltools.arm-none.win32_1.16.0.201807130628/tools/compiler/bin/../lib/gcc/arm-none-eabi/7.2.1/../../../../arm-none-eabi/lib/thumb/v7-m\libc_nano.a(lib_a-strstr.o)
 .ARM.attributes
                0x00000718       0x1d d:/ac6/systemworkbench/plugins/fr.ac6.mcu.externaltools.arm-none.win32_1.16.0.201807130628/tools/compiler/bin/../lib/gcc/arm-none-eabi/7.2.1/thumb/v7-m/crtn.o
OUTPUT(GPS_Tracker_LoRa.elf elf32-littlearm)

.debug_info     0x00000000    0x28fd9
 .debug_info    0x00000000      0xfc7 Drivers/STM32F1xx_HAL_Driver/Src/stm32f1xx_hal.o
 .debug_info    0x00000fc7     0x146c Drivers/STM32F1xx_HAL_Driver/Src/stm32f1xx_hal_cortex.o
 .debug_info    0x00002433     0x1010 Drivers/STM32F1xx_HAL_Driver/Src/stm32f1xx_hal_dma.o
 .debug_info    0x00003443      0xe85 Drivers/STM32F1xx_HAL_Driver/Src/stm32f1xx_hal_gpio.o
 .debug_info    0x000042c8      0xf5c Drivers/STM32F1xx_HAL_Driver/Src/stm32f1xx_hal_pwr.o
 .debug_info    0x00005224     0x1278 Drivers/STM32F1xx_HAL_Driver/Src/stm32f1xx_hal_rcc.o
 .debug_info    0x0000649c      0xc5c Drivers/STM32F1xx_HAL_Driver/Src/stm32f1xx_hal_rcc_ex.o
 .debug_info    0x000070f8     0x322f Drivers/STM32F1xx_HAL_Driver/Src/stm32f1xx_hal_rtc.o
 .debug_info    0x0000a327     0x284a Drivers/STM32F1xx_HAL_Driver/Src/stm32f1xx_hal_spi.o
 .debug_info    0x0000cb71      0xe1e Drivers/STM32F1xx_HAL_Driver/Src/stm32f1xx_hal_spi_ex.o
 .debug_info    0x0000d98f     0x2099 Drivers/STM32F1xx_HAL_Driver/Src/stm32f1xx_hal_uart.o
 .debug_info    0x0000fa28     0x1237 GPSTracker_Library/DB_GPS_NMEA_Simple.o
 .debug_info    0x00010c5f     0x9349 GPSTracker_Library/DB_RFM98W_LoRa.o
 .debug_info    0x00019fa8     0x16c9 GPSTracker_Library/DB_ring_buffer.o
 .debug_info    0x0001b671      0x135 GPSTracker_Library/DB_soft_timer.o
 .debug_info    0x0001b7a6     0x14e4 MyTask/HalSystemCallback.o
 .debug_info    0x0001cc8a     0x3484 MyTask/common_fun.o
 .debug_info    0x0002010e      0xbb9 Src/dma.o
 .debug_info    0x00020cc7      0xd21 Src/gpio.o
 .debug_info    0x000219e8     0x185a Src/main.o
 .debug_info    0x00023242      0xf54 Src/rtc.o
 .debug_info    0x00024196     0x106c Src/spi.o
 .debug_info    0x00025202      0xce1 Src/stm32f1xx_hal_msp.o
 .debug_info    0x00025ee3     0x1144 Src/stm32f1xx_it.o
 .debug_info    0x00027027      0xc0e Src/system_stm32f1xx.o
 .debug_info    0x00027c35     0x1382 Src/usart.o
 .debug_info    0x00028fb7       0x22 startup/startup_stm32f103xb.o

.debug_abbrev   0x00000000     0x4d71
 .debug_abbrev  0x00000000      0x347 Drivers/STM32F1xx_HAL_Driver/Src/stm32f1xx_hal.o
 .debug_abbrev  0x00000347      0x3c5 Drivers/STM32F1xx_HAL_Driver/Src/stm32f1xx_hal_cortex.o
 .debug_abbrev  0x0000070c      0x2ee Drivers/STM32F1xx_HAL_Driver/Src/stm32f1xx_hal_dma.o
 .debug_abbrev  0x000009fa      0x2a5 Drivers/STM32F1xx_HAL_Driver/Src/stm32f1xx_hal_gpio.o
 .debug_abbrev  0x00000c9f      0x2c7 Drivers/STM32F1xx_HAL_Driver/Src/stm32f1xx_hal_pwr.o
 .debug_abbrev  0x00000f66      0x3ba Drivers/STM32F1xx_HAL_Driver/Src/stm32f1xx_hal_rcc.o
 .debug_abbrev  0x00001320      0x2b2 Drivers/STM32F1xx_HAL_Driver/Src/stm32f1xx_hal_rcc_ex.o
 .debug_abbrev  0x000015d2      0x3d4 Drivers/STM32F1xx_HAL_Driver/Src/stm32f1xx_hal_rtc.o
 .debug_abbrev  0x000019a6      0x417 Drivers/STM32F1xx_HAL_Driver/Src/stm32f1xx_hal_spi.o
 .debug_abbrev  0x00001dbd      0x209 Drivers/STM32F1xx_HAL_Driver/Src/stm32f1xx_hal_spi_ex.o
 .debug_abbrev  0x00001fc6      0x3bb Drivers/STM32F1xx_HAL_Driver/Src/stm32f1xx_hal_uart.o
 .debug_abbrev  0x00002381      0x32a GPSTracker_Library/DB_GPS_NMEA_Simple.o
 .debug_abbrev  0x000026ab      0x444 GPSTracker_Library/DB_RFM98W_LoRa.o
 .debug_abbrev  0x00002aef      0x438 GPSTracker_Library/DB_ring_buffer.o
 .debug_abbrev  0x00002f27       0xbf GPSTracker_Library/DB_soft_timer.o
 .debug_abbrev  0x00002fe6      0x2a1 MyTask/HalSystemCallback.o
 .debug_abbrev  0x00003287      0x515 MyTask/common_fun.o
 .debug_abbrev  0x0000379c      0x235 Src/dma.o
 .debug_abbrev  0x000039d1      0x243 Src/gpio.o
 .debug_abbrev  0x00003c14      0x2d4 Src/main.o
 .debug_abbrev  0x00003ee8      0x278 Src/rtc.o
 .debug_abbrev  0x00004160      0x264 Src/spi.o
 .debug_abbrev  0x000043c4      0x23d Src/stm32f1xx_hal_msp.o
 .debug_abbrev  0x00004601      0x29d Src/stm32f1xx_it.o
 .debug_abbrev  0x0000489e      0x228 Src/system_stm32f1xx.o
 .debug_abbrev  0x00004ac6      0x299 Src/usart.o
 .debug_abbrev  0x00004d5f       0x12 startup/startup_stm32f103xb.o

.debug_loc      0x00000000    0x10170
 .debug_loc     0x00000000      0x10d Drivers/STM32F1xx_HAL_Driver/Src/stm32f1xx_hal.o
 .debug_loc     0x0000010d      0x56c Drivers/STM32F1xx_HAL_Driver/Src/stm32f1xx_hal_cortex.o
 .debug_loc     0x00000679      0x993 Drivers/STM32F1xx_HAL_Driver/Src/stm32f1xx_hal_dma.o
 .debug_loc     0x0000100c      0x41e Drivers/STM32F1xx_HAL_Driver/Src/stm32f1xx_hal_gpio.o
 .debug_loc     0x0000142a       0xaa Drivers/STM32F1xx_HAL_Driver/Src/stm32f1xx_hal_pwr.o
 .debug_loc     0x000014d4      0x5e2 Drivers/STM32F1xx_HAL_Driver/Src/stm32f1xx_hal_rcc.o
 .debug_loc     0x00001ab6      0x2f2 Drivers/STM32F1xx_HAL_Driver/Src/stm32f1xx_hal_rcc_ex.o
 .debug_loc     0x00001da8     0x4972 Drivers/STM32F1xx_HAL_Driver/Src/stm32f1xx_hal_rtc.o
 .debug_loc     0x0000671a     0x2b07 Drivers/STM32F1xx_HAL_Driver/Src/stm32f1xx_hal_spi.o
 .debug_loc     0x00009221       0x4d Drivers/STM32F1xx_HAL_Driver/Src/stm32f1xx_hal_spi_ex.o
 .debug_loc     0x0000926e     0x1592 Drivers/STM32F1xx_HAL_Driver/Src/stm32f1xx_hal_uart.o
 .debug_loc     0x0000a800      0x228 GPSTracker_Library/DB_GPS_NMEA_Simple.o
 .debug_loc     0x0000aa28     0x36e4 GPSTracker_Library/DB_RFM98W_LoRa.o
 .debug_loc     0x0000e10c      0x819 GPSTracker_Library/DB_ring_buffer.o
 .debug_loc     0x0000e925       0x5b GPSTracker_Library/DB_soft_timer.o
 .debug_loc     0x0000e980       0x3a MyTask/HalSystemCallback.o
 .debug_loc     0x0000e9ba     0x15bd MyTask/common_fun.o
 .debug_loc     0x0000ff77       0x24 Src/gpio.o
 .debug_loc     0x0000ff9b       0x42 Src/rtc.o
 .debug_loc     0x0000ffdd       0x42 Src/spi.o
 .debug_loc     0x0001001f       0xcd Src/system_stm32f1xx.o
 .debug_loc     0x000100ec       0x84 Src/usart.o

.debug_aranges  0x00000000      0xb38
 .debug_aranges
                0x00000000       0xc8 Drivers/STM32F1xx_HAL_Driver/Src/stm32f1xx_hal.o
 .debug_aranges
                0x000000c8       0x90 Drivers/STM32F1xx_HAL_Driver/Src/stm32f1xx_hal_cortex.o
 .debug_aranges
                0x00000158       0x78 Drivers/STM32F1xx_HAL_Driver/Src/stm32f1xx_hal_dma.o
 .debug_aranges
                0x000001d0       0x58 Drivers/STM32F1xx_HAL_Driver/Src/stm32f1xx_hal_gpio.o
 .debug_aranges
                0x00000228       0xa8 Drivers/STM32F1xx_HAL_Driver/Src/stm32f1xx_hal_pwr.o
 .debug_aranges
                0x000002d0       0x88 Drivers/STM32F1xx_HAL_Driver/Src/stm32f1xx_hal_rcc.o
 .debug_aranges
                0x00000358       0x30 Drivers/STM32F1xx_HAL_Driver/Src/stm32f1xx_hal_rcc_ex.o
 .debug_aranges
                0x00000388       0x90 Drivers/STM32F1xx_HAL_Driver/Src/stm32f1xx_hal_rtc.o
 .debug_aranges
                0x00000418      0x170 Drivers/STM32F1xx_HAL_Driver/Src/stm32f1xx_hal_spi.o
 .debug_aranges
                0x00000588       0x20 Drivers/STM32F1xx_HAL_Driver/Src/stm32f1xx_hal_spi_ex.o
 .debug_aranges
                0x000005a8      0x158 Drivers/STM32F1xx_HAL_Driver/Src/stm32f1xx_hal_uart.o
 .debug_aranges
                0x00000700       0x28 GPSTracker_Library/DB_GPS_NMEA_Simple.o
 .debug_aranges
                0x00000728       0x80 GPSTracker_Library/DB_RFM98W_LoRa.o
 .debug_aranges
                0x000007a8       0xa0 GPSTracker_Library/DB_ring_buffer.o
 .debug_aranges
                0x00000848       0x28 GPSTracker_Library/DB_soft_timer.o
 .debug_aranges
                0x00000870       0x40 MyTask/HalSystemCallback.o
 .debug_aranges
                0x000008b0       0xa0 MyTask/common_fun.o
 .debug_aranges
                0x00000950       0x20 Src/dma.o
 .debug_aranges
                0x00000970       0x20 Src/gpio.o
 .debug_aranges
                0x00000990       0x30 Src/main.o
 .debug_aranges
                0x000009c0       0x30 Src/rtc.o
 .debug_aranges
                0x000009f0       0x30 Src/spi.o
 .debug_aranges
                0x00000a20       0x20 Src/stm32f1xx_hal_msp.o
 .debug_aranges
                0x00000a40       0x70 Src/stm32f1xx_it.o
 .debug_aranges
                0x00000ab0       0x28 Src/system_stm32f1xx.o
 .debug_aranges
                0x00000ad8       0x38 Src/usart.o
 .debug_aranges
                0x00000b10       0x28 startup/startup_stm32f103xb.o

.debug_ranges   0x00000000     0x3988
 .debug_ranges  0x00000000       0xb8 Drivers/STM32F1xx_HAL_Driver/Src/stm32f1xx_hal.o
 .debug_ranges  0x000000b8      0x148 Drivers/STM32F1xx_HAL_Driver/Src/stm32f1xx_hal_cortex.o
 .debug_ranges  0x00000200       0xc0 Drivers/STM32F1xx_HAL_Driver/Src/stm32f1xx_hal_dma.o
 .debug_ranges  0x000002c0       0x60 Drivers/STM32F1xx_HAL_Driver/Src/stm32f1xx_hal_gpio.o
 .debug_ranges  0x00000320       0x98 Drivers/STM32F1xx_HAL_Driver/Src/stm32f1xx_hal_pwr.o
 .debug_ranges  0x000003b8      0x110 Drivers/STM32F1xx_HAL_Driver/Src/stm32f1xx_hal_rcc.o
 .debug_ranges  0x000004c8       0x58 Drivers/STM32F1xx_HAL_Driver/Src/stm32f1xx_hal_rcc_ex.o
 .debug_ranges  0x00000520      0xa68 Drivers/STM32F1xx_HAL_Driver/Src/stm32f1xx_hal_rtc.o
 .debug_ranges  0x00000f88      0x6e8 Drivers/STM32F1xx_HAL_Driver/Src/stm32f1xx_hal_spi.o
 .debug_ranges  0x00001670       0x10 Drivers/STM32F1xx_HAL_Driver/Src/stm32f1xx_hal_spi_ex.o
 .debug_ranges  0x00001680      0x358 Drivers/STM32F1xx_HAL_Driver/Src/stm32f1xx_hal_uart.o
 .debug_ranges  0x000019d8       0x78 GPSTracker_Library/DB_GPS_NMEA_Simple.o
 .debug_ranges  0x00001a50     0x18b0 GPSTracker_Library/DB_RFM98W_LoRa.o
 .debug_ranges  0x00003300      0x120 GPSTracker_Library/DB_ring_buffer.o
 .debug_ranges  0x00003420       0x18 GPSTracker_Library/DB_soft_timer.o
 .debug_ranges  0x00003438       0x90 MyTask/HalSystemCallback.o
 .debug_ranges  0x000034c8      0x1e0 MyTask/common_fun.o
 .debug_ranges  0x000036a8       0x40 Src/dma.o
 .debug_ranges  0x000036e8       0xa0 Src/gpio.o
 .debug_ranges  0x00003788       0x20 Src/main.o
 .debug_ranges  0x000037a8       0x48 Src/rtc.o
 .debug_ranges  0x000037f0       0x50 Src/spi.o
 .debug_ranges  0x00003840       0x38 Src/stm32f1xx_hal_msp.o
 .debug_ranges  0x00003878       0x60 Src/stm32f1xx_it.o
 .debug_ranges  0x000038d8       0x18 Src/system_stm32f1xx.o
 .debug_ranges  0x000038f0       0x78 Src/usart.o
 .debug_ranges  0x00003968       0x20 startup/startup_stm32f103xb.o

.debug_macro    0x00000000    0x17b71
 .debug_macro   0x00000000      0x2ba Drivers/STM32F1xx_HAL_Driver/Src/stm32f1xx_hal.o
 .debug_macro   0x000002ba      0xa5a Drivers/STM32F1xx_HAL_Driver/Src/stm32f1xx_hal.o
 .debug_macro   0x00000d14       0xb8 Drivers/STM32F1xx_HAL_Driver/Src/stm32f1xx_hal.o
 .debug_macro   0x00000dcc      0x175 Drivers/STM32F1xx_HAL_Driver/Src/stm32f1xx_hal.o
 .debug_macro   0x00000f41       0x2e Drivers/STM32F1xx_HAL_Driver/Src/stm32f1xx_hal.o
 .debug_macro   0x00000f6f       0x22 Drivers/STM32F1xx_HAL_Driver/Src/stm32f1xx_hal.o
 .debug_macro   0x00000f91       0x22 Drivers/STM32F1xx_HAL_Driver/Src/stm32f1xx_hal.o
 .debug_macro   0x00000fb3       0x4f Drivers/STM32F1xx_HAL_Driver/Src/stm32f1xx_hal.o
 .debug_macro   0x00001002       0x51 Drivers/STM32F1xx_HAL_Driver/Src/stm32f1xx_hal.o
 .debug_macro   0x00001053       0xef Drivers/STM32F1xx_HAL_Driver/Src/stm32f1xx_hal.o
 .debug_macro   0x00001142       0x6a Drivers/STM32F1xx_HAL_Driver/Src/stm32f1xx_hal.o
 .debug_macro   0x000011ac      0x1df Drivers/STM32F1xx_HAL_Driver/Src/stm32f1xx_hal.o
 .debug_macro   0x0000138b       0x34 Drivers/STM32F1xx_HAL_Driver/Src/stm32f1xx_hal.o
 .debug_macro   0x000013bf       0x34 Drivers/STM32F1xx_HAL_Driver/Src/stm32f1xx_hal.o
 .debug_macro   0x000013f3      0xb8e Drivers/STM32F1xx_HAL_Driver/Src/stm32f1xx_hal.o
 .debug_macro   0x00001f81     0xe90a Drivers/STM32F1xx_HAL_Driver/Src/stm32f1xx_hal.o
 .debug_macro   0x0001088b       0x43 Drivers/STM32F1xx_HAL_Driver/Src/stm32f1xx_hal.o
 .debug_macro   0x000108ce       0x58 Drivers/STM32F1xx_HAL_Driver/Src/stm32f1xx_hal.o
 .debug_macro   0x00010926       0x17 Drivers/STM32F1xx_HAL_Driver/Src/stm32f1xx_hal.o
 .debug_macro   0x0001093d       0x35 Drivers/STM32F1xx_HAL_Driver/Src/stm32f1xx_hal.o
 .debug_macro   0x00010972       0x9c Drivers/STM32F1xx_HAL_Driver/Src/stm32f1xx_hal.o
 .debug_macro   0x00010a0e       0x16 Drivers/STM32F1xx_HAL_Driver/Src/stm32f1xx_hal.o
 .debug_macro   0x00010a24       0x97 Drivers/STM32F1xx_HAL_Driver/Src/stm32f1xx_hal.o
 .debug_macro   0x00010abb      0x353 Drivers/STM32F1xx_HAL_Driver/Src/stm32f1xx_hal.o
 .debug_macro   0x00010e0e       0xf6 Drivers/STM32F1xx_HAL_Driver/Src/stm32f1xx_hal.o
 .debug_macro   0x00010f04       0x10 Drivers/STM32F1xx_HAL_Driver/Src/stm32f1xx_hal.o
 .debug_macro   0x00010f14       0x58 Drivers/STM32F1xx_HAL_Driver/Src/stm32f1xx_hal.o
 .debug_macro   0x00010f6c       0x1f Drivers/STM32F1xx_HAL_Driver/Src/stm32f1xx_hal.o
 .debug_macro   0x00010f8b       0x43 Drivers/STM32F1xx_HAL_Driver/Src/stm32f1xx_hal.o
 .debug_macro   0x00010fce       0x20 Drivers/STM32F1xx_HAL_Driver/Src/stm32f1xx_hal.o
 .debug_macro   0x00010fee      0x18e Drivers/STM32F1xx_HAL_Driver/Src/stm32f1xx_hal.o
 .debug_macro   0x0001117c       0x10 Drivers/STM32F1xx_HAL_Driver/Src/stm32f1xx_hal.o
 .debug_macro   0x0001118c       0xb6 Drivers/STM32F1xx_HAL_Driver/Src/stm32f1xx_hal.o
 .debug_macro   0x00011242       0x16 Drivers/STM32F1xx_HAL_Driver/Src/stm32f1xx_hal.o
 .debug_macro   0x00011258      0x129 Drivers/STM32F1xx_HAL_Driver/Src/stm32f1xx_hal.o
 .debug_macro   0x00011381       0x50 Drivers/STM32F1xx_HAL_Driver/Src/stm32f1xx_hal.o
 .debug_macro   0x000113d1      0x5c2 Drivers/STM32F1xx_HAL_Driver/Src/stm32f1xx_hal.o
 .debug_macro   0x00011993      0x28a Drivers/STM32F1xx_HAL_Driver/Src/stm32f1xx_hal.o
 .debug_macro   0x00011c1d      0x1cb Drivers/STM32F1xx_HAL_Driver/Src/stm32f1xx_hal.o
 .debug_macro   0x00011de8      0x11e Drivers/STM32F1xx_HAL_Driver/Src/stm32f1xx_hal.o
 .debug_macro   0x00011f06      0x1b3 Drivers/STM32F1xx_HAL_Driver/Src/stm32f1xx_hal.o
 .debug_macro   0x000120b9       0x27 Drivers/STM32F1xx_HAL_Driver/Src/stm32f1xx_hal.o
 .debug_macro   0x000120e0      0x1bc Drivers/STM32F1xx_HAL_Driver/Src/stm32f1xx_hal.o
 .debug_macro   0x0001229c       0x34 Drivers/STM32F1xx_HAL_Driver/Src/stm32f1xx_hal.o
 .debug_macro   0x000122d0       0x3c Drivers/STM32F1xx_HAL_Driver/Src/stm32f1xx_hal.o
 .debug_macro   0x0001230c       0x57 Drivers/STM32F1xx_HAL_Driver/Src/stm32f1xx_hal.o
 .debug_macro   0x00012363       0x8c Drivers/STM32F1xx_HAL_Driver/Src/stm32f1xx_hal.o
 .debug_macro   0x000123ef      0x242 Drivers/STM32F1xx_HAL_Driver/Src/stm32f1xx_hal.o
 .debug_macro   0x00012631      0x143 Drivers/STM32F1xx_HAL_Driver/Src/stm32f1xx_hal.o
 .debug_macro   0x00012774      0x1ef Drivers/STM32F1xx_HAL_Driver/Src/stm32f1xx_hal.o
 .debug_macro   0x00012963       0xf2 Drivers/STM32F1xx_HAL_Driver/Src/stm32f1xx_hal.o
 .debug_macro   0x00012a55      0x1f4 Drivers/STM32F1xx_HAL_Driver/Src/stm32f1xx_hal.o
 .debug_macro   0x00012c49      0x26b Drivers/STM32F1xx_HAL_Driver/Src/stm32f1xx_hal.o
 .debug_macro   0x00012eb4       0x83 Drivers/STM32F1xx_HAL_Driver/Src/stm32f1xx_hal.o
 .debug_macro   0x00012f37      0x296 Drivers/STM32F1xx_HAL_Driver/Src/stm32f1xx_hal_cortex.o
 .debug_macro   0x000131cd      0x296 Drivers/STM32F1xx_HAL_Driver/Src/stm32f1xx_hal_dma.o
 .debug_macro   0x00013463      0x306 Drivers/STM32F1xx_HAL_Driver/Src/stm32f1xx_hal_gpio.o
 .debug_macro   0x00013769      0x2f6 Drivers/STM32F1xx_HAL_Driver/Src/stm32f1xx_hal_pwr.o
 .debug_macro   0x00013a5f      0x2a8 Drivers/STM32F1xx_HAL_Driver/Src/stm32f1xx_hal_rcc.o
 .debug_macro   0x00013d07      0x296 Drivers/STM32F1xx_HAL_Driver/Src/stm32f1xx_hal_rcc_ex.o
 .debug_macro   0x00013f9d      0x2a5 Drivers/STM32F1xx_HAL_Driver/Src/stm32f1xx_hal_rtc.o
 .debug_macro   0x00014242      0x29e Drivers/STM32F1xx_HAL_Driver/Src/stm32f1xx_hal_spi.o
 .debug_macro   0x000144e0      0x296 Drivers/STM32F1xx_HAL_Driver/Src/stm32f1xx_hal_spi_ex.o
 .debug_macro   0x00014776      0x297 Drivers/STM32F1xx_HAL_Driver/Src/stm32f1xx_hal_uart.o
 .debug_macro   0x00014a0d      0x334 GPSTracker_Library/DB_GPS_NMEA_Simple.o
 .debug_macro   0x00014d41       0x1c GPSTracker_Library/DB_GPS_NMEA_Simple.o
 .debug_macro   0x00014d5d       0x16 GPSTracker_Library/DB_GPS_NMEA_Simple.o
 .debug_macro   0x00014d73       0x35 GPSTracker_Library/DB_GPS_NMEA_Simple.o
 .debug_macro   0x00014da8       0x16 GPSTracker_Library/DB_GPS_NMEA_Simple.o
 .debug_macro   0x00014dbe       0x22 GPSTracker_Library/DB_GPS_NMEA_Simple.o
 .debug_macro   0x00014de0       0x22 GPSTracker_Library/DB_GPS_NMEA_Simple.o
 .debug_macro   0x00014e02      0x708 GPSTracker_Library/DB_RFM98W_LoRa.o
 .debug_macro   0x0001550a       0xde GPSTracker_Library/DB_RFM98W_LoRa.o
 .debug_macro   0x000155e8      0x2f4 GPSTracker_Library/DB_ring_buffer.o
 .debug_macro   0x000158dc       0x16 GPSTracker_Library/DB_ring_buffer.o
 .debug_macro   0x000158f2       0x7b GPSTracker_Library/DB_soft_timer.o
 .debug_macro   0x0001596d       0x10 GPSTracker_Library/DB_soft_timer.o
 .debug_macro   0x0001597d      0x317 MyTask/HalSystemCallback.o
 .debug_macro   0x00015c94       0x16 MyTask/HalSystemCallback.o
 .debug_macro   0x00015caa       0x10 MyTask/HalSystemCallback.o
 .debug_macro   0x00015cba      0x1a2 MyTask/HalSystemCallback.o
 .debug_macro   0x00015e5c      0x373 MyTask/common_fun.o
 .debug_macro   0x000161cf       0xe2 MyTask/common_fun.o
 .debug_macro   0x000162b1       0x69 MyTask/common_fun.o
 .debug_macro   0x0001631a      0x2a0 Src/dma.o
 .debug_macro   0x000165ba      0x2a0 Src/gpio.o
 .debug_macro   0x0001685a      0x32f Src/main.o
 .debug_macro   0x00016b89      0x2b8 Src/rtc.o
 .debug_macro   0x00016e41      0x2aa Src/spi.o
 .debug_macro   0x000170eb      0x296 Src/stm32f1xx_hal_msp.o
 .debug_macro   0x00017381      0x2a0 Src/stm32f1xx_it.o
 .debug_macro   0x00017621      0x29c Src/system_stm32f1xx.o
 .debug_macro   0x000178bd      0x2b4 Src/usart.o

.debug_line     0x00000000    0x10510
 .debug_line    0x00000000      0x88b Drivers/STM32F1xx_HAL_Driver/Src/stm32f1xx_hal.o
 .debug_line    0x0000088b      0x8e6 Drivers/STM32F1xx_HAL_Driver/Src/stm32f1xx_hal_cortex.o
 .debug_line    0x00001171      0xbe4 Drivers/STM32F1xx_HAL_Driver/Src/stm32f1xx_hal_dma.o
 .debug_line    0x00001d55      0x8c6 Drivers/STM32F1xx_HAL_Driver/Src/stm32f1xx_hal_gpio.o
 .debug_line    0x0000261b      0x87f Drivers/STM32F1xx_HAL_Driver/Src/stm32f1xx_hal_pwr.o
 .debug_line    0x00002e9a      0xab2 Drivers/STM32F1xx_HAL_Driver/Src/stm32f1xx_hal_rcc.o
 .debug_line    0x0000394c      0x7cf Drivers/STM32F1xx_HAL_Driver/Src/stm32f1xx_hal_rcc_ex.o
 .debug_line    0x0000411b     0x14ac Drivers/STM32F1xx_HAL_Driver/Src/stm32f1xx_hal_rtc.o
 .debug_line    0x000055c7     0x1452 Drivers/STM32F1xx_HAL_Driver/Src/stm32f1xx_hal_spi.o
 .debug_line    0x00006a19      0x721 Drivers/STM32F1xx_HAL_Driver/Src/stm32f1xx_hal_spi_ex.o
 .debug_line    0x0000713a     0x12bd Drivers/STM32F1xx_HAL_Driver/Src/stm32f1xx_hal_uart.o
 .debug_line    0x000083f7      0x7eb GPSTracker_Library/DB_GPS_NMEA_Simple.o
 .debug_line    0x00008be2     0x144c GPSTracker_Library/DB_RFM98W_LoRa.o
 .debug_line    0x0000a02e      0x95d GPSTracker_Library/DB_ring_buffer.o
 .debug_line    0x0000a98b      0x31e GPSTracker_Library/DB_soft_timer.o
 .debug_line    0x0000aca9      0x837 MyTask/HalSystemCallback.o
 .debug_line    0x0000b4e0      0xe0c MyTask/common_fun.o
 .debug_line    0x0000c2ec      0x6c4 Src/dma.o
 .debug_line    0x0000c9b0      0x70f Src/gpio.o
 .debug_line    0x0000d0bf      0x854 Src/main.o
 .debug_line    0x0000d913      0x72f Src/rtc.o
 .debug_line    0x0000e042      0x738 Src/spi.o
 .debug_line    0x0000e77a      0x6cb Src/stm32f1xx_hal_msp.o
 .debug_line    0x0000ee45      0x77d Src/stm32f1xx_it.o
 .debug_line    0x0000f5c2      0x703 Src/system_stm32f1xx.o
 .debug_line    0x0000fcc5      0x7ce Src/usart.o
 .debug_line    0x00010493       0x7d startup/startup_stm32f103xb.o

.debug_str      0x00000000    0x71a2f
 .debug_str     0x00000000    0x6ba09 Drivers/STM32F1xx_HAL_Driver/Src/stm32f1xx_hal.o
                              0x6bdad (size before relaxing)
 .debug_str     0x0006ba09      0x2e1 Drivers/STM32F1xx_HAL_Driver/Src/stm32f1xx_hal_cortex.o
                              0x6bd02 (size before relaxing)
 .debug_str     0x0006bcea      0x3f0 Drivers/STM32F1xx_HAL_Driver/Src/stm32f1xx_hal_dma.o
                              0x6ba66 (size before relaxing)
 .debug_str     0x0006c0da      0x39c Drivers/STM32F1xx_HAL_Driver/Src/stm32f1xx_hal_gpio.o
                              0x6ba49 (size before relaxing)
 .debug_str     0x0006c476      0x52b Drivers/STM32F1xx_HAL_Driver/Src/stm32f1xx_hal_pwr.o
                              0x6bbf4 (size before relaxing)
 .debug_str     0x0006c9a1      0x35c Drivers/STM32F1xx_HAL_Driver/Src/stm32f1xx_hal_rcc.o
                              0x6ba9e (size before relaxing)
 .debug_str     0x0006ccfd      0x12b Drivers/STM32F1xx_HAL_Driver/Src/stm32f1xx_hal_rcc_ex.o
                              0x6b82a (size before relaxing)
 .debug_str     0x0006ce28      0x49a Drivers/STM32F1xx_HAL_Driver/Src/stm32f1xx_hal_rtc.o
                              0x6bbb6 (size before relaxing)
 .debug_str     0x0006d2c2      0x6ce Drivers/STM32F1xx_HAL_Driver/Src/stm32f1xx_hal_spi.o
                              0x6bf5b (size before relaxing)
 .debug_str     0x0006d990       0x3b Drivers/STM32F1xx_HAL_Driver/Src/stm32f1xx_hal_spi_ex.o
                              0x6ba2a (size before relaxing)
 .debug_str     0x0006d9cb      0x67b Drivers/STM32F1xx_HAL_Driver/Src/stm32f1xx_hal_uart.o
                              0x6bfb7 (size before relaxing)
 .debug_str     0x0006e046      0x435 GPSTracker_Library/DB_GPS_NMEA_Simple.o
                              0x6bdf2 (size before relaxing)
 .debug_str     0x0006e47b     0x1569 GPSTracker_Library/DB_RFM98W_LoRa.o
                              0x6d06d (size before relaxing)
 .debug_str     0x0006f9e4      0x248 GPSTracker_Library/DB_ring_buffer.o
                              0x6bd8c (size before relaxing)
 .debug_str     0x0006fc2c      0x1ae GPSTracker_Library/DB_soft_timer.o
                               0x3d54 (size before relaxing)
 .debug_str     0x0006fdda      0x804 MyTask/HalSystemCallback.o
                              0x6c772 (size before relaxing)
 .debug_str     0x000705de     0x115a MyTask/common_fun.o
                              0x6ddd4 (size before relaxing)
 .debug_str     0x00071738       0x19 Src/dma.o
                              0x6b94d (size before relaxing)
 .debug_str     0x00071751       0x2b Src/gpio.o
                              0x6b719 (size before relaxing)
 .debug_str     0x0007177c       0x76 Src/main.o
                              0x6d6d0 (size before relaxing)
 .debug_str     0x000717f2       0x17 Src/rtc.o
                              0x6c5e6 (size before relaxing)
 .debug_str     0x00071809       0x17 Src/spi.o
                              0x6badd (size before relaxing)
 .debug_str     0x00071820       0x1b Src/stm32f1xx_hal_msp.o
                              0x6b98a (size before relaxing)
 .debug_str     0x0007183b      0x141 Src/stm32f1xx_it.o
                              0x6bc70 (size before relaxing)
 .debug_str     0x0007197c       0x69 Src/system_stm32f1xx.o
                              0x6b6f4 (size before relaxing)
 .debug_str     0x000719e5       0x1a Src/usart.o
                              0x6be35 (size before relaxing)
 .debug_str     0x000719ff       0x30 startup/startup_stm32f103xb.o
                                 0x61 (size before relaxing)

.comment        0x00000000       0x7e
 .comment       0x00000000       0x7e Drivers/STM32F1xx_HAL_Driver/Src/stm32f1xx_hal.o
                                 0x7f (size before relaxing)
 .comment       0x0000007e       0x7f Drivers/STM32F1xx_HAL_Driver/Src/stm32f1xx_hal_cortex.o
 .comment       0x0000007e       0x7f Drivers/STM32F1xx_HAL_Driver/Src/stm32f1xx_hal_dma.o
 .comment       0x0000007e       0x7f Drivers/STM32F1xx_HAL_Driver/Src/stm32f1xx_hal_gpio.o
 .comment       0x0000007e       0x7f Drivers/STM32F1xx_HAL_Driver/Src/stm32f1xx_hal_pwr.o
 .comment       0x0000007e       0x7f Drivers/STM32F1xx_HAL_Driver/Src/stm32f1xx_hal_rcc.o
 .comment       0x0000007e       0x7f Drivers/STM32F1xx_HAL_Driver/Src/stm32f1xx_hal_rcc_ex.o
 .comment       0x0000007e       0x7f Drivers/STM32F1xx_HAL_Driver/Src/stm32f1xx_hal_rtc.o
 .comment       0x0000007e       0x7f Drivers/STM32F1xx_HAL_Driver/Src/stm32f1xx_hal_spi.o
 .comment       0x0000007e       0x7f Drivers/STM32F1xx_HAL_Driver/Src/stm32f1xx_hal_spi_ex.o
 .comment       0x0000007e       0x7f Drivers/STM32F1xx_HAL_Driver/Src/stm32f1xx_hal_uart.o
 .comment       0x0000007e       0x7f GPSTracker_Library/DB_GPS_NMEA_Simple.o
 .comment       0x0000007e       0x7f GPSTracker_Library/DB_RFM98W_LoRa.o
 .comment       0x0000007e       0x7f GPSTracker_Library/DB_ring_buffer.o
 .comment       0x0000007e       0x7f GPSTracker_Library/DB_soft_timer.o
 .comment       0x0000007e       0x7f MyTask/HalSystemCallback.o
 .comment       0x0000007e       0x7f MyTask/common_fun.o
 .comment       0x0000007e       0x7f Src/dma.o
 .comment       0x0000007e       0x7f Src/gpio.o
 .comment       0x0000007e       0x7f Src/main.o
 .comment       0x0000007e       0x7f Src/rtc.o
 .comment       0x0000007e       0x7f Src/spi.o
 .comment       0x0000007e       0x7f Src/stm32f1xx_hal_msp.o
 .comment       0x0000007e       0x7f Src/stm32f1xx_it.o
 .comment       0x0000007e       0x7f Src/system_stm32f1xx.o
 .comment       0x0000007e       0x7f Src/usart.o

.debug_frame    0x00000000     0x2434
 .debug_frame   0x00000000      0x1b0 Drivers/STM32F1xx_HAL_Driver/Src/stm32f1xx_hal.o
 .debug_frame   0x000001b0      0x138 Drivers/STM32F1xx_HAL_Driver/Src/stm32f1xx_hal_cortex.o
 .debug_frame   0x000002e8      0x1a8 Drivers/STM32F1xx_HAL_Driver/Src/stm32f1xx_hal_dma.o
 .debug_frame   0x00000490       0xec Drivers/STM32F1xx_HAL_Driver/Src/stm32f1xx_hal_gpio.o
 .debug_frame   0x0000057c      0x14c Drivers/STM32F1xx_HAL_Driver/Src/stm32f1xx_hal_pwr.o
 .debug_frame   0x000006c8      0x184 Drivers/STM32F1xx_HAL_Driver/Src/stm32f1xx_hal_rcc.o
 .debug_frame   0x0000084c       0x78 Drivers/STM32F1xx_HAL_Driver/Src/stm32f1xx_hal_rcc_ex.o
 .debug_frame   0x000008c4      0x334 Drivers/STM32F1xx_HAL_Driver/Src/stm32f1xx_hal_rtc.o
 .debug_frame   0x00000bf8      0x634 Drivers/STM32F1xx_HAL_Driver/Src/stm32f1xx_hal_spi.o
 .debug_frame   0x0000122c       0x38 Drivers/STM32F1xx_HAL_Driver/Src/stm32f1xx_hal_spi_ex.o
 .debug_frame   0x00001264      0x588 Drivers/STM32F1xx_HAL_Driver/Src/stm32f1xx_hal_uart.o
 .debug_frame   0x000017ec       0x44 GPSTracker_Library/DB_GPS_NMEA_Simple.o
 .debug_frame   0x00001830      0x21c GPSTracker_Library/DB_RFM98W_LoRa.o
 .debug_frame   0x00001a4c      0x1c4 GPSTracker_Library/DB_ring_buffer.o
 .debug_frame   0x00001c10       0x3c GPSTracker_Library/DB_soft_timer.o
 .debug_frame   0x00001c4c       0x88 MyTask/HalSystemCallback.o
 .debug_frame   0x00001cd4      0x278 MyTask/common_fun.o
 .debug_frame   0x00001f4c       0x34 Src/dma.o
 .debug_frame   0x00001f80       0x3c Src/gpio.o
 .debug_frame   0x00001fbc       0x58 Src/main.o
 .debug_frame   0x00002014       0x68 Src/rtc.o
 .debug_frame   0x0000207c       0x64 Src/spi.o
 .debug_frame   0x000020e0       0x2c Src/stm32f1xx_hal_msp.o
 .debug_frame   0x0000210c      0x104 Src/stm32f1xx_it.o
 .debug_frame   0x00002210       0x3c Src/system_stm32f1xx.o
 .debug_frame   0x0000224c       0xac Src/usart.o
 .debug_frame   0x000022f8       0x2c d:/ac6/systemworkbench/plugins/fr.ac6.mcu.externaltools.arm-none.win32_1.16.0.201807130628/tools/compiler/bin/../lib/gcc/arm-none-eabi/7.2.1/../../../../arm-none-eabi/lib/thumb/v7-m\libc_nano.a(lib_a-init.o)
 .debug_frame   0x00002324       0x2c d:/ac6/systemworkbench/plugins/fr.ac6.mcu.externaltools.arm-none.win32_1.16.0.201807130628/tools/compiler/bin/../lib/gcc/arm-none-eabi/7.2.1/../../../../arm-none-eabi/lib/thumb/v7-m\libc_nano.a(lib_a-memcmp.o)
 .debug_frame   0x00002350       0x20 d:/ac6/systemworkbench/plugins/fr.ac6.mcu.externaltools.arm-none.win32_1.16.0.201807130628/tools/compiler/bin/../lib/gcc/arm-none-eabi/7.2.1/../../../../arm-none-eabi/lib/thumb/v7-m\libc_nano.a(lib_a-memset.o)
 .debug_frame   0x00002370       0x20 d:/ac6/systemworkbench/plugins/fr.ac6.mcu.externaltools.arm-none.win32_1.16.0.201807130628/tools/compiler/bin/../lib/gcc/arm-none-eabi/7.2.1/../../../../arm-none-eabi/lib/thumb/v7-m\libc_nano.a(lib_a-strchr.o)
 .debug_frame   0x00002390       0x20 d:/ac6/systemworkbench/plugins/fr.ac6.mcu.externaltools.arm-none.win32_1.16.0.201807130628/tools/compiler/bin/../lib/gcc/arm-none-eabi/7.2.1/../../../../arm-none-eabi/lib/thumb/v7-m\libc_nano.a(lib_a-strcpy.o)
 .debug_frame   0x000023b0       0x28 d:/ac6/systemworkbench/plugins/fr.ac6.mcu.externaltools.arm-none.win32_1.16.0.201807130628/tools/compiler/bin/../lib/gcc/arm-none-eabi/7.2.1/../../../../arm-none-eabi/lib/thumb/v7-m\libc_nano.a(lib_a-strncmp.o)
 .debug_frame   0x000023d8       0x2c d:/ac6/systemworkbench/plugins/fr.ac6.mcu.externaltools.arm-none.win32_1.16.0.201807130628/tools/compiler/bin/../lib/gcc/arm-none-eabi/7.2.1/../../../../arm-none-eabi/lib/thumb/v7-m\libc_nano.a(lib_a-strncpy.o)
 .debug_frame   0x00002404       0x30 d:/ac6/systemworkbench/plugins/fr.ac6.mcu.externaltools.arm-none.win32_1.16.0.201807130628/tools/compiler/bin/../lib/gcc/arm-none-eabi/7.2.1/../../../../arm-none-eabi/lib/thumb/v7-m\libc_nano.a(lib_a-strstr.o)
