DB_RFM98W_LoRa.c:1136:20:ClrPOR	0	static
DB_RFM98W_LoRa.c:1132:20:SetPOR	0	static
DB_RFM98W_LoRa.c:1127:20:SPI_CS_pin	0	static
DB_RFM98W_LoRa.c:1042:13:bSpiTransfer	32	static
DB_RFM98W_LoRa.c:1071:13:bSpiRead	8	static
DB_RFM98W_LoRa.c:1057:13:vSpiWrite	8	static
DB_RFM98W_LoRa.c:1087:13:vSpiBurstWrite.constprop	16	static
DB_RFM98W_LoRa.c:1103:13:vSpiBurstRead.constprop	16	static
DB_RFM98W_LoRa.c:589:6:RFM98W_LoRa_vGoRx	8	static
DB_RFM98W_LoRa.c:626:6:RFM98W_LoRa_vGoStandby	8	static
DB_RFM98W_LoRa.c:380:6:RFM98W_LoRa_vConfig	16	static
DB_RFM98W_LoRa.c:312:9:RFM98W_LoRa_init	8	static
DB_RFM98W_LoRa.c:641:6:RFM98W_LoRa_vGoSleep	8	static
DB_RFM98W_LoRa.c:658:9:RFM98W_LoRa_bSendMessage	24	static
DB_RFM98W_LoRa.c:771:6:RFM98W_LoRa_bGetMessage	16	static
DB_RFM98W_LoRa.c:813:9:RFM98W_LoRa_iGetRSSI	8	static
DB_RFM98W_LoRa.c:819:9:RFM98W_LoRa_iGetRSSIPacket	8	static
DB_RFM98W_LoRa.c:832:9:RSSI_calculateDistance	8	static
DB_RFM98W_LoRa.c:1014:9:RFM98W_LoRa_checkInterrupt	0	static
DB_RFM98W_LoRa.c:1031:9:RFM98W_LoRa_ReadRegister	0	static
