DB_ring_buffer.c:53:6:ringBuffer_init_DMA	0	static
DB_ring_buffer.c:87:6:ringBuffer_checkBounds	0	static
DB_ring_buffer.c:97:6:ringBuffer_write	0	static
DB_ring_buffer.c:224:9:ringBuffer_check	0	static
DB_ring_buffer.c:141:9:ringBuffer_read	8	static
DB_ring_buffer.c:199:10:ringBuffer_readBytes	24	static
DB_ring_buffer.c:250:10:ringBuffer_checkAvailable	0	static
DB_ring_buffer.c:265:6:ringBuffer_flush	0	static
DB_ring_buffer.c:296:6:ringBuffer_writeTx	0	static
DB_ring_buffer.c:317:6:ringBuffer_writeTx_String	16	static
DB_ring_buffer.c:331:9:ringBuffer_readTx	0	static
DB_ring_buffer.c:356:10:ringBuffer_readBytesTx	16	static
DB_ring_buffer.c:382:9:ringBuffer_checkTx	0	static
DB_ring_buffer.c:394:10:ringBuffer_checkAvailableTx	0	static
DB_ring_buffer.c:406:6:ringBuffer_flushTx	0	static
DB_ring_buffer.c:429:6:sendRingBuffer_ToDMA	16	static
DB_ring_buffer.c:540:6:UART_sendRingBuffer_ToDMA	16	static
DB_ring_buffer.c:554:6:UART_sendRingBuffer_ToDMA_fromIT	16	static
