stm32f1xx_it.c:56:6:NMI_Handler	0	static
stm32f1xx_it.c:69:6:HardFault_Handler	8	static
stm32f1xx_it.c:90:6:MemManage_Handler	0	static
stm32f1xx_it.c:108:6:BusFault_Handler	0	static
stm32f1xx_it.c:126:6:UsageFault_Handler	0	static
stm32f1xx_it.c:144:6:SVC_Handler	0	static
stm32f1xx_it.c:157:6:DebugMon_Handler	0	static
stm32f1xx_it.c:170:6:PendSV_Handler	0	static
stm32f1xx_it.c:183:6:SysTick_Handler	8	static
stm32f1xx_it.c:205:6:DMA1_Channel3_IRQHandler	0	static
stm32f1xx_it.c:219:6:DMA1_Channel6_IRQHandler	0	static
stm32f1xx_it.c:233:6:USART2_IRQHandler	0	static
stm32f1xx_it.c:247:6:USART3_IRQHandler	0	static
stm32f1xx_it.c:262:6:RTC_Alarm_IRQHandler	0	static
